Component: ARM Compiler 5.06 update 7 (build 960) Tool: armlink [4d3601]

==============================================================================

Section Cross References

    startup_stm32f429xx.o(RESET) refers to startup_stm32f429xx.o(STACK) for __initial_sp
    startup_stm32f429xx.o(RESET) refers to startup_stm32f429xx.o(.text) for Reset_Handler
    startup_stm32f429xx.o(RESET) refers to stm32f4xx_it.o(i.NMI_Handler) for NMI_Handler
    startup_stm32f429xx.o(RESET) refers to stm32f4xx_it.o(i.HardFault_Handler) for HardFault_Handler
    startup_stm32f429xx.o(RESET) refers to stm32f4xx_it.o(i.MemManage_Handler) for MemManage_Handler
    startup_stm32f429xx.o(RESET) refers to stm32f4xx_it.o(i.BusFault_Handler) for BusFault_Handler
    startup_stm32f429xx.o(RESET) refers to stm32f4xx_it.o(i.UsageFault_Handler) for UsageFault_Handler
    startup_stm32f429xx.o(RESET) refers to stm32f4xx_it.o(i.SVC_Handler) for SVC_Handler
    startup_stm32f429xx.o(RESET) refers to stm32f4xx_it.o(i.DebugMon_Handler) for DebugMon_Handler
    startup_stm32f429xx.o(RESET) refers to stm32f4xx_it.o(i.PendSV_Handler) for PendSV_Handler
    startup_stm32f429xx.o(RESET) refers to stm32f4xx_it.o(i.SysTick_Handler) for SysTick_Handler
    startup_stm32f429xx.o(RESET) refers to stm32f4xx_it.o(i.DMA2_Stream1_IRQHandler) for DMA2_Stream1_IRQHandler
    startup_stm32f429xx.o(RESET) refers to stm32f4xx_it.o(i.DCMI_IRQHandler) for DCMI_IRQHandler
    startup_stm32f429xx.o(.text) refers to system_stm32f4xx.o(i.SystemInit) for SystemInit
    startup_stm32f429xx.o(.text) refers to entry.o(.ARM.Collect$$$$00000000) for __main
    main.o(i.AI_Init_for_model_yolo_1) refers to model_yolo_1.o(i.ai_model_yolo_1_create_and_init) for ai_model_yolo_1_create_and_init
    main.o(i.AI_Init_for_model_yolo_1) refers to printfa.o(i.__0printf) for __2printf
    main.o(i.AI_Init_for_model_yolo_1) refers to main.o(i.Error_Handler) for Error_Handler
    main.o(i.AI_Init_for_model_yolo_1) refers to model_yolo_1.o(i.ai_model_yolo_1_inputs_get) for ai_model_yolo_1_inputs_get
    main.o(i.AI_Init_for_model_yolo_1) refers to model_yolo_1.o(i.ai_model_yolo_1_outputs_get) for ai_model_yolo_1_outputs_get
    main.o(i.AI_Init_for_model_yolo_1) refers to main.o(.constdata) for .constdata
    main.o(i.AI_Init_for_model_yolo_1) refers to main.o(.data) for .data
    main.o(i.AI_Run_for_model_yolo_1) refers to printfa.o(i.__0printf) for __2printf
    main.o(i.AI_Run_for_model_yolo_1) refers to model_yolo_1.o(i.ai_model_yolo_1_run) for ai_model_yolo_1_run
    main.o(i.AI_Run_for_model_yolo_1) refers to model_yolo_1.o(i.ai_model_yolo_1_get_error) for ai_model_yolo_1_get_error
    main.o(i.AI_Run_for_model_yolo_1) refers to main.o(i.Error_Handler) for Error_Handler
    main.o(i.AI_Run_for_model_yolo_1) refers to main.o(.data) for .data
    main.o(i.Error_Handler) refers to stm32f4xx_hal_gpio.o(i.HAL_GPIO_TogglePin) for HAL_GPIO_TogglePin
    main.o(i.Error_Handler) refers to stm32f4xx_hal.o(i.HAL_Delay) for HAL_Delay
    main.o(i.RGB565_to_Gray) refers to dfltui.o(.text) for __aeabi_ui2d
    main.o(i.RGB565_to_Gray) refers to ddiv.o(.text) for __aeabi_ddiv
    main.o(i.RGB565_to_Gray) refers to d2f.o(.text) for __aeabi_d2f
    main.o(i.SystemClock_Config) refers to memseta.o(.text) for __aeabi_memclr4
    main.o(i.SystemClock_Config) refers to stm32f4xx_hal_rcc.o(i.HAL_RCC_OscConfig) for HAL_RCC_OscConfig
    main.o(i.SystemClock_Config) refers to stm32f4xx_hal_pwr_ex.o(i.HAL_PWREx_EnableOverDrive) for HAL_PWREx_EnableOverDrive
    main.o(i.SystemClock_Config) refers to stm32f4xx_hal_rcc.o(i.HAL_RCC_ClockConfig) for HAL_RCC_ClockConfig
    main.o(i.SystemClock_Config) refers to main.o(i.Error_Handler) for Error_Handler
    main.o(i.SystemClock_Config) refers to stm32f4xx_hal_rcc.o(i.HAL_RCC_MCOConfig) for HAL_RCC_MCOConfig
    main.o(i.jpeg_data_process) refers to main.o(.data) for .data
    main.o(i.jpeg_data_process) refers to dcmi.o(.bss) for hdma_dcmi
    main.o(i.main) refers to stm32f4xx_hal.o(i.HAL_Init) for HAL_Init
    main.o(i.main) refers to main.o(i.SystemClock_Config) for SystemClock_Config
    main.o(i.main) refers to gpio.o(i.MX_GPIO_Init) for MX_GPIO_Init
    main.o(i.main) refers to dma.o(i.MX_DMA_Init) for MX_DMA_Init
    main.o(i.main) refers to crc.o(i.MX_CRC_Init) for MX_CRC_Init
    main.o(i.main) refers to dcmi.o(i.MX_DCMI_Init) for MX_DCMI_Init
    main.o(i.main) refers to app_x-cube-ai.o(i.MX_X_CUBE_AI_Init) for MX_X_CUBE_AI_Init
    main.o(i.main) refers to printfa.o(i.__0printf) for __2printf
    main.o(i.main) refers to main.o(i.AI_Init_for_model_yolo_1) for AI_Init_for_model_yolo_1
    main.o(i.main) refers to sccb.o(i.delay_ms) for delay_ms
    main.o(i.main) refers to stm32f4xx_hal_gpio.o(i.HAL_GPIO_TogglePin) for HAL_GPIO_TogglePin
    main.o(i.main) refers to ov2640.o(i.OV2640_Init) for OV2640_Init
    main.o(i.main) refers to ov2640.o(i.OV2640_RGB565_Mode) for OV2640_RGB565_Mode
[...]
    CAN1_RX0_IRQHandler                      0x080001df   Thumb Code     0  startup_stm32f429xx.o(.text)
    CAN1_RX1_IRQHandler                      0x080001df   Thumb Code     0  startup_stm32f429xx.o(.text)
    CAN1_SCE_IRQHandler                      0x080001df   Thumb Code     0  startup_stm32f429xx.o(.text)
    CAN1_TX_IRQHandler                       0x080001df   Thumb Code     0  startup_stm32f429xx.o(.text)
    CAN2_RX0_IRQHandler                      0x080001df   Thumb Code     0  startup_stm32f429xx.o(.text)
    CAN2_RX1_IRQHandler                      0x080001df   Thumb Code     0  startup_stm32f429xx.o(.text)
    CAN2_SCE_IRQHandler                      0x080001df   Thumb Code     0  startup_stm32f429xx.o(.text)
    CAN2_TX_IRQHandler                       0x080001df   Thumb Code     0  startup_stm32f429xx.o(.text)
    DMA1_Stream0_IRQHandler                  0x080001df   Thumb Code     0  startup_stm32f429xx.o(.text)
    DMA1_Stream1_IRQHandler                  0x080001df   Thumb Code     0  startup_stm32f429xx.o(.text)
    DMA1_Stream2_IRQHandler                  0x080001df   Thumb Code     0  startup_stm32f429xx.o(.text)
    DMA1_Stream3_IRQHandler                  0x080001df   Thumb Code     0  startup_stm32f429xx.o(.text)
    DMA1_Stream4_IRQHandler                  0x080001df   Thumb Code     0  startup_stm32f429xx.o(.text)
    DMA1_Stream5_IRQHandler                  0x080001df   Thumb Code     0  startup_stm32f429xx.o(.text)
    DMA1_Stream6_IRQHandler                  0x080001df   Thumb Code     0  startup_stm32f429xx.o(.text)
    DMA1_Stream7_IRQHandler                  0x080001df   Thumb Code     0  startup_stm32f429xx.o(.text)
    DMA2D_IRQHandler                         0x080001df   Thumb Code     0  startup_stm32f429xx.o(.text)
    DMA2_Stream0_IRQHandler                  0x080001df   Thumb Code     0  startup_stm32f429xx.o(.text)
    DMA2_Stream2_IRQHandler                  0x080001df   Thumb Code     0  startup_stm32f429xx.o(.text)
    DMA2_Stream3_IRQHandler                  0x080001df   Thumb Code     0  startup_stm32f429xx.o(.text)
    DMA2_Stream4_IRQHandler                  0x080001df   Thumb Code     0  startup_stm32f429xx.o(.text)
    DMA2_Stream5_IRQHandler                  0x080001df   Thumb Code     0  startup_stm32f429xx.o(.text)
    DMA2_Stream6_IRQHandler                  0x080001df   Thumb Code     0  startup_stm32f429xx.o(.text)
    DMA2_Stream7_IRQHandler                  0x080001df   Thumb Code     0  startup_stm32f429xx.o(.text)
    ETH_IRQHandler                           0x080001df   Thumb Code     0  startup_stm32f429xx.o(.text)
    ETH_WKUP_IRQHandler                      0x080001df   Thumb Code     0  startup_stm32f429xx.o(.text)
    EXTI0_IRQHandler                         0x080001df   Thumb Code     0  startup_stm32f429xx.o(.text)
    EXTI15_10_IRQHandler                     0x080001df   Thumb Code     0  startup_stm32f429xx.o(.text)
    EXTI1_IRQHandler                         0x080001df   Thumb Code     0  startup_stm32f429xx.o(.text)
    EXTI2_IRQHandler                         0x080001df   Thumb Code     0  startup_stm32f429xx.o(.text)
    EXTI3_IRQHandler                         0x080001df   Thumb Code     0  startup_stm32f429xx.o(.text)
    EXTI4_IRQHandler                         0x080001df   Thumb Code     0  startup_stm32f429xx.o(.text)
    EXTI9_5_IRQHandler                       0x080001df   Thumb Code     0  startup_stm32f429xx.o(.text)
    FLASH_IRQHandler                         0x080001df   Thumb Code     0  startup_stm32f429xx.o(.text)
    FMC_IRQHandler                           0x080001df   Thumb Code     0  startup_stm32f429xx.o(.text)
    FPU_IRQHandler                           0x080001df   Thumb Code     0  startup_stm32f429xx.o(.text)
    HASH_RNG_IRQHandler                      0x080001df   Thumb Code     0  startup_stm32f429xx.o(.text)
    I2C1_ER_IRQHandler                       0x080001df   Thumb Code     0  startup_stm32f429xx.o(.text)
    I2C1_EV_IRQHandler                       0x080001df   Thumb Code     0  startup_stm32f429xx.o(.text)
    I2C2_ER_IRQHandler                       0x080001df   Thumb Code     0  startup_stm32f429xx.o(.text)
    I2C2_EV_IRQHandler                       0x080001df   Thumb Code     0  startup_stm32f429xx.o(.text)
    I2C3_ER_IRQHandler                       0x080001df   Thumb Code     0  startup_stm32f429xx.o(.text)
    I2C3_EV_IRQHandler                       0x080001df   Thumb Code     0  startup_stm32f429xx.o(.text)
    LTDC_ER_IRQHandler                       0x080001df   Thumb Code     0  startup_stm32f429xx.o(.text)
    LTDC_IRQHandler                          0x080001df   Thumb Code     0  startup_stm32f429xx.o(.text)
    OTG_FS_IRQHandler                        0x080001df   Thumb Code     0  startup_stm32f429xx.o(.text)
    OTG_FS_WKUP_IRQHandler                   0x080001df   Thumb Code     0  startup_stm32f429xx.o(.text)
    OTG_HS_EP1_IN_IRQHandler                 0x080001df   Thumb Code     0  startup_stm32f429xx.o(.text)
    OTG_HS_EP1_OUT_IRQHandler                0x080001df   Thumb Code     0  startup_stm32f429xx.o(.text)
    OTG_HS_IRQHandler                        0x080001df   Thumb Code     0  startup_stm32f429xx.o(.text)
    OTG_HS_WKUP_IRQHandler                   0x080001df   Thumb Code     0  startup_stm32f429xx.o(.text)
    PVD_IRQHandler                           0x080001df   Thumb Code     0  startup_stm32f429xx.o(.text)
    RCC_IRQHandler                           0x080001df   Thumb Code     0  startup_stm32f429xx.o(.text)
    RTC_Alarm_IRQHandler                     0x080001df   Thumb Code     0  startup_stm32f429xx.o(.text)
    RTC_WKUP_IRQHandler                      0x080001df   Thumb Code     0  startup_stm32f429xx.o(.text)
    SAI1_IRQHandler                          0x080001df   Thumb Code     0  startup_stm32f429xx.o(.text)
    SDIO_IRQHandler                          0x080001df   Thumb Code     0  startup_stm32f429xx.o(.text)
    SPI1_IRQHandler                          0x080001df   Thumb Code     0  startup_stm32f429xx.o(.text)
    SPI2_IRQHandler                          0x080001df   Thumb Code     0  startup_stm32f429xx.o(.text)
    SPI3_IRQHandler                          0x080001df   Thumb Code     0  startup_stm32f429xx.o(.text)
    SPI4_IRQHandler                          0x080001df   Thumb Code     0  startup_stm32f429xx.o(.text)
    SPI5_IRQHandler                          0x080001df   Thumb Code     0  startup_stm32f429xx.o(.text)
    SPI6_IRQHandler                          0x080001df   Thumb Code     0  startup_stm32f429xx.o(.text)
    TAMP_STAMP_IRQHandler                    0x080001df   Thumb Code     0  startup_stm32f429xx.o(.text)
    TIM1_BRK_TIM9_IRQHandler                 0x080001df   Thumb Code     0  startup_stm32f429xx.o(.text)
    TIM1_CC_IRQHandler                       0x080001df   Thumb Code     0  startup_stm32f429xx.o(.text)
    TIM1_TRG_COM_TIM11_IRQHandler            0x080001df   Thumb Code     0  startup_stm32f429xx.o(.text)
    TIM1_UP_TIM10_IRQHandler                 0x080001df   Thumb Code     0  startup_stm32f429xx.o(.text)
    TIM2_IRQHandler                          0x080001df   Thumb Code     0  startup_stm32f429xx.o(.text)
    TIM3_IRQHandler                          0x080001df   Thumb Code     0  startup_stm32f429xx.o(.text)
    TIM4_IRQHandler                          0x080001df   Thumb Code     0  startup_stm32f429xx.o(.text)
    TIM5_IRQHandler                          0x080001df   Thumb Code     0  startup_stm32f429xx.o(.text)
    TIM6_DAC_IRQHandler                      0x080001df   Thumb Code     0  startup_stm32f429xx.o(.text)
    TIM7_IRQHandler                          0x080001df   Thumb Code     0  startup_stm32f429xx.o(.text)
    TIM8_BRK_TIM12_IRQHandler                0x080001df   Thumb Code     0  startup_stm32f429xx.o(.text)
    TIM8_CC_IRQHandler                       0x080001df   Thumb Code     0  startup_stm32f429xx.o(.text)
    TIM8_TRG_COM_TIM14_IRQHandler            0x080001df   Thumb Code     0  startup_stm32f429xx.o(.text)
    TIM8_UP_TIM13_IRQHandler                 0x080001df   Thumb Code     0  startup_stm32f429xx.o(.text)
    UART4_IRQHandler                         0x080001df   Thumb Code     0  startup_stm32f429xx.o(.text)
    UART5_IRQHandler                         0x080001df   Thumb Code     0  startup_stm32f429xx.o(.text)
    UART7_IRQHandler                         0x080001df   Thumb Code     0  startup_stm32f429xx.o(.text)
    UART8_IRQHandler                         0x080001df   Thumb Code     0  startup_stm32f429xx.o(.text)
    USART1_IRQHandler                        0x080001df   Thumb Code     0  startup_stm32f429xx.o(.text)
    USART2_IRQHandler                        0x080001df   Thumb Code     0  startup_stm32f429xx.o(.text)
    USART3_IRQHandler                        0x080001df   Thumb Code     0  startup_stm32f429xx.o(.text)
    USART6_IRQHandler                        0x080001df   Thumb Code     0  startup_stm32f429xx.o(.text)
    WWDG_IRQHandler                          0x080001df   Thumb Code     0  startup_stm32f429xx.o(.text)
    __aeabi_uldivmod                         0x080001e9   Thumb Code    98  uldiv.o(.text)
    __aeabi_llsl                             0x0800024b   Thumb Code    30  llshl.o(.text)
    _ll_shift_l                              0x0800024b   Thumb Code     0  llshl.o(.text)
    __aeabi_memcpy                           0x08000269   Thumb Code    36  memcpya.o(.text)
    __aeabi_memcpy4                          0x08000269   Thumb Code     0  memcpya.o(.text)
    __aeabi_memcpy8                          0x08000269   Thumb Code     0  memcpya.o(.text)
    __aeabi_memset                           0x0800028d   Thumb Code    14  memseta.o(.text)
    __aeabi_memset4                          0x0800028d   Thumb Code     0  memseta.o(.text)
    __aeabi_memset8                          0x0800028d   Thumb Code     0  memseta.o(.text)
    __aeabi_memclr                           0x0800029b   Thumb Code     4  memseta.o(.text)
    __aeabi_memclr4                          0x0800029b   Thumb Code     0  memseta.o(.text)
    __aeabi_memclr8                          0x0800029b   Thumb Code     0  memseta.o(.text)
    _memset$wrapper                          0x0800029f   Thumb Code    18  memseta.o(.text)
    strlen                                   0x080002b1   Thumb Code    14  strlen.o(.text)
    memcmp                                   0x080002bf   Thumb Code    26  memcmp.o(.text)
    __aeabi_dadd                             0x080002d9   Thumb Code   322  dadd.o(.text)
    __aeabi_dsub                             0x0800041b   Thumb Code     6  dadd.o(.text)
    __aeabi_drsub                            0x08000421   Thumb Code     6  dadd.o(.text)
    __aeabi_dmul                             0x08000427   Thumb Code   228  dmul.o(.text)
    __aeabi_ddiv                             0x0800050b   Thumb Code   222  ddiv.o(.text)
    __aeabi_ui2d                             0x080005e9   Thumb Code    26  dfltui.o(.text)
    __aeabi_d2ulz                            0x08000603   Thumb Code    48  dfixul.o(.text)
    __aeabi_f2d                              0x08000633   Thumb Code    38  f2d.o(.text)
    __aeabi_cdcmpeq                          0x08000659   Thumb Code     0  cdcmple.o(.text)
    __aeabi_cdcmple                          0x08000659   Thumb Code    48  cdcmple.o(.text)
    __aeabi_d2f                              0x08000689   Thumb Code    56  d2f.o(.text)
    __aeabi_uidiv                            0x080006c1   Thumb Code     0  uidiv.o(.text)
    __aeabi_uidivmod                         0x080006c1   Thumb Code    44  uidiv.o(.text)
    __aeabi_llsr                             0x080006ed   Thumb Code    32  llushr.o(.text)
    _ll_ushift_r                             0x080006ed   Thumb Code     0  llushr.o(.text)
    __aeabi_lasr                             0x0800070d   Thumb Code    36  llsshr.o(.text)
    _ll_sshift_r                             0x0800070d   Thumb Code     0  llsshr.o(.text)
    __I$use$fp                               0x08000731   Thumb Code     0  iusefp.o(.text)
    _float_round                             0x08000731   Thumb Code    18  fepilogue.o(.text)
    _float_epilogue                          0x08000743   Thumb Code    92  fepilogue.o(.text)
    _double_round                            0x0800079f   Thumb Code    30  depilogue.o(.text)
    _double_epilogue                         0x080007bd   Thumb Code   156  depilogue.o(.text)
    __aeabi_cdrcmple                         0x08000859   Thumb Code    48  cdrcmple.o(.text)
    __scatterload                            0x08000889   Thumb Code    28  init.o(.text)
    __scatterload_rt2                        0x08000889   Thumb Code     0  init.o(.text)
    __decompress                             0x080008ad   Thumb Code     0  __dczerorl2.o(.text)
    __decompress1                            0x080008ad   Thumb Code    86  __dczerorl2.o(.text)
    AI_Init_for_model_yolo_1                 0x08000905   Thumb Code    72  main.o(i.AI_Init_for_model_yolo_1)
    AI_Run_for_model_yolo_1                  0x08000999   Thumb Code    64  main.o(i.AI_Run_for_model_yolo_1)
    BusFault_Handler                         0x08000a41   Thumb Code     2  stm32f4xx_it.o(i.BusFault_Handler)
    DCMI_IRQHandler                          0x08000abd   Thumb Code     6  stm32f4xx_it.o(i.DCMI_IRQHandler)
    DCMI_Start                               0x08000ac9   Thumb Code    24  dcmi.o(i.DCMI_Start)
    DMA2_Stream1_IRQHandler                  0x08000ae9   Thumb Code     6  stm32f4xx_it.o(i.DMA2_Stream1_IRQHandler)
    DebugMon_Handler                         0x08000b99   Thumb Code     2  stm32f4xx_it.o(i.DebugMon_Handler)
    Error_Handler                            0x08000b9d   Thumb Code    28  main.o(i.Error_Handler)
    HAL_CRC_Init                             0x08000bbd   Thumb Code    34  stm32f4xx_hal_crc.o(i.HAL_CRC_Init)
    HAL_CRC_MspInit                          0x08000be1   Thumb Code    30  crc.o(i.HAL_CRC_MspInit)
    HAL_DCMI_ErrorCallback                   0x08000c09   Thumb Code     2  stm32f4xx_hal_dcmi.o(i.HAL_DCMI_ErrorCallback)
    HAL_DCMI_FrameEventCallback              0x08000c0d   Thumb Code    36  dcmi.o(i.HAL_DCMI_FrameEventCallback)
    HAL_DCMI_IRQHandler                      0x08000c39   Thumb Code   148  stm32f4xx_hal_dcmi.o(i.HAL_DCMI_IRQHandler)
    HAL_DCMI_Init                            0x08000cd1   Thumb Code   134  stm32f4xx_hal_dcmi_ex.o(i.HAL_DCMI_Init)
    HAL_DCMI_LineEventCallback               0x08000d57   Thumb Code     2  stm32f4xx_hal_dcmi.o(i.HAL_DCMI_LineEventCallback)
    HAL_DCMI_MspInit                         0x08000d59   Thumb Code   308  dcmi.o(i.HAL_DCMI_MspInit)
    HAL_DCMI_VsyncEventCallback              0x08000eb1   Thumb Code     2  stm32f4xx_hal_dcmi.o(i.HAL_DCMI_VsyncEventCallback)
    HAL_DMA_Abort_IT                         0x08000eb3   Thumb Code    36  stm32f4xx_hal_dma.o(i.HAL_DMA_Abort_IT)
    HAL_DMA_IRQHandler                       0x08000ed9   Thumb Code   412  stm32f4xx_hal_dma.o(i.HAL_DMA_IRQHandler)
    HAL_DMA_Init                             0x08001079   Thumb Code   206  stm32f4xx_hal_dma.o(i.HAL_DMA_Init)
    HAL_DMA_Start                            0x0800114d   Thumb Code    70  stm32f4xx_hal_dma.o(i.HAL_DMA_Start)
    HAL_Delay                                0x08001195   Thumb Code    32  stm32f4xx_hal.o(i.HAL_Delay)
    HAL_GPIO_Init                            0x080011b9   Thumb Code   510  stm32f4xx_hal_gpio.o(i.HAL_GPIO_Init)
    HAL_GPIO_ReadPin                         0x080013ed   Thumb Code    10  stm32f4xx_hal_gpio.o(i.HAL_GPIO_ReadPin)
    HAL_GPIO_TogglePin                       0x080013f7   Thumb Code    16  stm32f4xx_hal_gpio.o(i.HAL_GPIO_TogglePin)
    HAL_GPIO_WritePin                        0x08001407   Thumb Code    10  stm32f4xx_hal_gpio.o(i.HAL_GPIO_WritePin)
    HAL_GetDEVID                             0x08001411   Thumb Code    10  stm32f4xx_hal.o(i.HAL_GetDEVID)
    HAL_GetHalVersion                        0x08001421   Thumb Code     4  stm32f4xx_hal.o(i.HAL_GetHalVersion)
    HAL_GetREVID                             0x08001429   Thumb Code     8  stm32f4xx_hal.o(i.HAL_GetREVID)
    HAL_GetTick                              0x08001435   Thumb Code     6  stm32f4xx_hal.o(i.HAL_GetTick)
    HAL_IncTick                              0x08001441   Thumb Code    12  stm32f4xx_hal.o(i.HAL_IncTick)
    HAL_Init                                 0x08001451   Thumb Code    48  stm32f4xx_hal.o(i.HAL_Init)
    HAL_InitTick                             0x08001485   Thumb Code    54  stm32f4xx_hal.o(i.HAL_InitTick)
    HAL_MspInit                              0x080014c5   Thumb Code    42  stm32f4xx_hal_msp.o(i.HAL_MspInit)
    HAL_NVIC_EnableIRQ                       0x080014f5   Thumb Code    26  stm32f4xx_hal_cortex.o(i.HAL_NVIC_EnableIRQ)
    HAL_NVIC_SetPriority                     0x08001511   Thumb Code    60  stm32f4xx_hal_cortex.o(i.HAL_NVIC_SetPriority)
    HAL_NVIC_SetPriorityGrouping             0x08001551   Thumb Code    26  stm32f4xx_hal_cortex.o(i.HAL_NVIC_SetPriorityGrouping)
    HAL_PWREx_EnableOverDrive                0x08001575   Thumb Code    98  stm32f4xx_hal_pwr_ex.o(i.HAL_PWREx_EnableOverDrive)
    HAL_RCC_ClockConfig                      0x080015e5   Thumb Code   288  stm32f4xx_hal_rcc.o(i.HAL_RCC_ClockConfig)
    HAL_RCC_GetHCLKFreq                      0x08001719   Thumb Code     6  stm32f4xx_hal_rcc.o(i.HAL_RCC_GetHCLKFreq)
    HAL_RCC_GetPCLK1Freq                     0x08001725   Thumb Code    20  stm32f4xx_hal_rcc.o(i.HAL_RCC_GetPCLK1Freq)
    HAL_RCC_GetPCLK2Freq                     0x08001745   Thumb Code    20  stm32f4xx_hal_rcc.o(i.HAL_RCC_GetPCLK2Freq)
    HAL_RCC_GetSysClockFreq                  0x08001765   Thumb Code    88  stm32f4xx_hal_rcc.o(i.HAL_RCC_GetSysClockFreq)
    HAL_RCC_MCOConfig                        0x080017c9   Thumb Code   126  stm32f4xx_hal_rcc.o(i.HAL_RCC_MCOConfig)
    HAL_RCC_OscConfig                        0x08001855   Thumb Code   856  stm32f4xx_hal_rcc.o(i.HAL_RCC_OscConfig)
    HAL_SYSTICK_Config                       0x08001bc1   Thumb Code    40  stm32f4xx_hal_cortex.o(i.HAL_SYSTICK_Config)
    HAL_UART_Init                            0x08001be9   Thumb Code    98  stm32f4xx_hal_uart.o(i.HAL_UART_Init)
    HAL_UART_MspInit                         0x08001c4d   Thumb Code    94  usart.o(i.HAL_UART_MspInit)
    HAL_UART_Transmit                        0x08001cb9   Thumb Code   178  stm32f4xx_hal_uart.o(i.HAL_UART_Transmit)
    HardFault_Handler                        0x08001d6b   Thumb Code     2  stm32f4xx_it.o(i.HardFault_Handler)
    MX_CRC_Init                              0x08001d6d   Thumb Code    28  crc.o(i.MX_CRC_Init)
    MX_DCMI_Init                             0x08001d91   Thumb Code    64  dcmi.o(i.MX_DCMI_Init)
    MX_DMA_Init                              0x08001dd9   Thumb Code    40  dma.o(i.MX_DMA_Init)
    MX_GPIO_Init                             0x08001e05   Thumb Code   260  gpio.o(i.MX_GPIO_Init)
    MX_USART1_UART_Init                      0x08001f19   Thumb Code    48  usart.o(i.MX_USART1_UART_Init)
    MX_X_CUBE_AI_Init                        0x08001f51   Thumb Code    14  app_x-cube-ai.o(i.MX_X_CUBE_AI_Init)
    MemManage_Handler                        0x08001f5f   Thumb Code     2  stm32f4xx_it.o(i.MemManage_Handler)
    NMI_Handler                              0x08001f61   Thumb Code     2  stm32f4xx_it.o(i.NMI_Handler)
    OV2640_Brightness                        0x08001f63   Thumb Code    58  ov2640.o(i.OV2640_Brightness)
    OV2640_Color_Saturation                  0x08001f9d   Thumb Code    64  ov2640.o(i.OV2640_Color_Saturation)
    OV2640_Contrast                          0x08001fdd   Thumb Code   112  ov2640.o(i.OV2640_Contrast)
    OV2640_Init                              0x0800204d   Thumb Code   188  ov2640.o(i.OV2640_Init)
    OV2640_OutSize_Set                       0x08002129   Thumb Code    84  ov2640.o(i.OV2640_OutSize_Set)
    OV2640_RGB565_Mode                       0x0800217d   Thumb Code    30  ov2640.o(i.OV2640_RGB565_Mode)
    OV2640_Special_Effects                   0x080021a1   Thumb Code   112  ov2640.o(i.OV2640_Special_Effects)
    PendSV_Handler                           0x08002211   Thumb Code     2  stm32f4xx_it.o(i.PendSV_Handler)
    RGB565_to_Gray                           0x08002215   Thumb Code    40  main.o(i.RGB565_to_Gray)
    SCCB_Init                                0x08002245   Thumb Code    66  sccb.o(i.SCCB_Init)
    SCCB_No_Ack                              0x08002291   Thumb Code    72  sccb.o(i.SCCB_No_Ack)
    SCCB_RD_Byte                             0x080022dd   Thumb Code    98  sccb.o(i.SCCB_RD_Byte)
    SCCB_RD_Reg                              0x08002345   Thumb Code    76  sccb.o(i.SCCB_RD_Reg)
    SCCB_Start                               0x08002391   Thumb Code    60  sccb.o(i.SCCB_Start)
    SCCB_Stop                                0x080023d1   Thumb Code    56  sccb.o(i.SCCB_Stop)
    SCCB_WR_Byte                             0x0800240d   Thumb Code   152  sccb.o(i.SCCB_WR_Byte)
    SCCB_WR_Reg                              0x080024a9   Thumb Code    62  sccb.o(i.SCCB_WR_Reg)
    SVC_Handler                              0x080024e7   Thumb Code     2  stm32f4xx_it.o(i.SVC_Handler)
    SysTick_Handler                          0x080024e9   Thumb Code     4  stm32f4xx_it.o(i.SysTick_Handler)
    SystemClock_Config                       0x080024ed   Thumb Code   148  main.o(i.SystemClock_Config)
    SystemInit                               0x08002589   Thumb Code    12  system_stm32f4xx.o(i.SystemInit)
    UsageFault_Handler                       0x0800271d   Thumb Code     2  stm32f4xx_it.o(i.UsageFault_Handler)
    __0printf                                0x08002721   Thumb Code    22  printfa.o(i.__0printf)
    __1printf                                0x08002721   Thumb Code     0  printfa.o(i.__0printf)
    __2printf                                0x08002721   Thumb Code     0  printfa.o(i.__0printf)
    __c89printf                              0x08002721   Thumb Code     0  printfa.o(i.__0printf)
    printf                                   0x08002721   Thumb Code     0  printfa.o(i.__0printf)
    __ARM_fpclassifyf                        0x08002741   Thumb Code    38  fpclassifyf.o(i.__ARM_fpclassifyf)
    __hardfp_expf                            0x08002881   Thumb Code   426  expf.o(i.__hardfp_expf)
    __mathlib_expf                           0x08002881   Thumb Code     0  expf.o(i.__hardfp_expf)
    __mathlib_flt_infnan                     0x08002a69   Thumb Code     6  funder.o(i.__mathlib_flt_infnan)
    __mathlib_flt_overflow                   0x08002a71   Thumb Code    10  funder.o(i.__mathlib_flt_overflow)
    __mathlib_flt_underflow                  0x08002a81   Thumb Code    10  funder.o(i.__mathlib_flt_underflow)
    __scatterload_copy                       0x08002a91   Thumb Code    14  handlers.o(i.__scatterload_copy)
    __scatterload_null                       0x08002a9f   Thumb Code     2  handlers.o(i.__scatterload_null)
    __scatterload_zeroinit                   0x08002aa1   Thumb Code    14  handlers.o(i.__scatterload_zeroinit)
    __set_errno                              0x08002ab1   Thumb Code     6  errno.o(i.__set_errno)
    _ai_platform_acquire_crc                 0x08002ce3   Thumb Code     4  ai_platform_interface.o(i._ai_platform_acquire_crc)
    _ai_platform_release_crc                 0x08002dc9   Thumb Code     2  ai_platform_interface.o(i._ai_platform_release_crc)
    aiValidationInit                         0x08003f2d   Thumb Code    42  aivalidation.o(i.aiValidationInit)
    ai_array_get_byte_size                   0x08003f85   Thumb Code    54  ai_datatypes_format.o(i.ai_array_get_byte_size)
    ai_array_get_data_byte_size              0x08003fbb   Thumb Code    30  ai_datatypes_format.o(i.ai_array_get_data_byte_size)
    ai_array_to_buffer_fmt                   0x08003fd9   Thumb Code   242  ai_datatypes_format.o(i.ai_array_to_buffer_fmt)
    ai_buffer_array_item_set_address         0x08004101   Thumb Code    36  ai_platform.o(i.ai_buffer_array_item_set_address)
    ai_buffer_array_sane                     0x08004125   Thumb Code    18  ai_platform.o(i.ai_buffer_array_sane)
    ai_buffer_get_size                       0x08004139   Thumb Code    96  ai_platform.o(i.ai_buffer_get_size)
    ai_check_custom_types                    0x080041a1   Thumb Code    38  layers.o(i.ai_check_custom_types)
    ai_layers_forward_all                    0x080041cd   Thumb Code    80  layers.o(i.ai_layers_forward_all)
    ai_layers_init_all                       0x0800421d   Thumb Code    30  layers.o(i.ai_layers_init_all)
    ai_layers_post_init_all                  0x0800423b   Thumb Code    54  layers.o(i.ai_layers_post_init_all)
    ai_model_yolo_1_create                   0x08004271   Thumb Code    20  model_yolo_1.o(i.ai_model_yolo_1_create)
    ai_model_yolo_1_create_and_init          0x08004289   Thumb Code   132  model_yolo_1.o(i.ai_model_yolo_1_create_and_init)
    ai_model_yolo_1_data_params_get          0x0800430d   Thumb Code    36  model_yolo_1_data.o(i.ai_model_yolo_1_data_params_get)
    ai_model_yolo_1_get_error                0x08004335   Thumb Code     4  model_yolo_1.o(i.ai_model_yolo_1_get_error)
    ai_model_yolo_1_init                     0x08004339   Thumb Code    48  model_yolo_1.o(i.ai_model_yolo_1_init)
    ai_model_yolo_1_inputs_get               0x08004369   Thumb Code    12  model_yolo_1.o(i.ai_model_yolo_1_inputs_get)
    ai_model_yolo_1_outputs_get              0x0800437d   Thumb Code    12  model_yolo_1.o(i.ai_model_yolo_1_outputs_get)
    ai_model_yolo_1_run                      0x08004391   Thumb Code     4  model_yolo_1.o(i.ai_model_yolo_1_run)
    ai_platform_bind_network_params          0x08004395   Thumb Code    38  ai_platform_interface.o(i.ai_platform_bind_network_params)
    ai_platform_context_acquire              0x080043c1   Thumb Code    24  ai_platform_interface.o(i.ai_platform_context_acquire)
    ai_platform_get_activations_map          0x080043dd   Thumb Code    38  ai_platform_interface.o(i.ai_platform_get_activations_map)
    ai_platform_get_weights_map              0x08004409   Thumb Code    36  ai_platform_interface.o(i.ai_platform_get_weights_map)
    ai_platform_inputs_get                   0x08004431   Thumb Code    66  ai_platform_interface.o(i.ai_platform_inputs_get)
    ai_platform_interface_api_get_version    0x08004475   Thumb Code    14  ai_platform_interface.o(i.ai_platform_interface_api_get_version)
    ai_platform_network_create               0x08004489   Thumb Code   240  ai_platform_interface.o(i.ai_platform_network_create)
    ai_platform_network_get_error            0x08004591   Thumb Code    24  ai_platform_interface.o(i.ai_platform_network_get_error)
    ai_platform_network_init                 0x080045ad   Thumb Code   254  ai_platform_interface.o(i.ai_platform_network_init)
    ai_platform_network_post_init            0x080046b9   Thumb Code    70  ai_platform_interface.o(i.ai_platform_network_post_init)
    ai_platform_network_process              0x080046ff   Thumb Code    84  ai_platform_interface.o(i.ai_platform_network_process)
    ai_platform_network_set_error            0x08004753   Thumb Code    12  ai_platform_interface.o(i.ai_platform_network_set_error)
    ai_platform_outputs_get                  0x0800475f   Thumb Code    72  ai_platform_interface.o(i.ai_platform_outputs_get)
    ai_version_get                           0x080047c1   Thumb Code    12  ai_datatypes_internal.o(i.ai_version_get)
    core_get_error                           0x080047cd   Thumb Code    12  core_common.o(i.core_get_error)
    core_init                                0x080047d9   Thumb Code     4  core_common.o(i.core_init)
    core_set_error                           0x080047dd   Thumb Code    26  core_common.o(i.core_set_error)
    delay_ms                                 0x08004899   Thumb Code    24  sccb.o(i.delay_ms)
    delay_us                                 0x080048b1   Thumb Code    20  sccb.o(i.delay_us)
    dwtCyclesToTime                          0x080049c1   Thumb Code   142  aitestutility.o(i.dwtCyclesToTime)
    forward_dense                            0x08004a55   Thumb Code   488  layers_conv2d_generic_float.o(i.forward_dense)
    forward_lite_dense_if32of32wf32          0x08004c41   Thumb Code   120  lite_dense_if32.o(i.forward_lite_dense_if32of32wf32)
    forward_relu                             0x08004cbd   Thumb Code   202  layers_nl_generic_float.o(i.forward_relu)
    forward_sm                               0x08004d8d   Thumb Code   112  layers_nl_generic_float.o(i.forward_sm)
    fputc                                    0x08004dfd   Thumb Code    20  aitestutility.o(i.fputc)
    getFlashCacheConf                        0x08004e15   Thumb Code    52  aitestutility.o(i.getFlashCacheConf)
    getSysConf                               0x08004e4d   Thumb Code    38  aitestutility.o(i.getSysConf)
    get_tensor_byte_size                     0x08004e75   Thumb Code    34  ai_datatypes_internal.o(i.get_tensor_byte_size)
    jpeg_data_process                        0x08004e9d   Thumb Code    80  main.o(i.jpeg_data_process)
    lc_print                                 0x08004ef9   Thumb Code    22  aitestutility.o(i.lc_print)
    main                                     0x08004f15   Thumb Code   332  main.o(i.main)
    port_dwt_init_imp                        0x080053a1   Thumb Code    26  ai_device_adaptor.o(i.port_dwt_init_imp)
    port_hal_crc_ip_init_imp                 0x080053c5   Thumb Code    22  ai_device_adaptor.o(i.port_hal_crc_ip_init_imp)
    st_int8_copy                             0x08005401   Thumb Code   144  st_int8_fill.o(i.st_int8_copy)
    systemSettingLog                         0x08005491   Thumb Code   152  aitestutility.o(i.systemSettingLog)
    vlc_print                                0x08005641   Thumb Code   434  lc_print.o(i.vlc_print)
    jpeg_img_size_tbl                        0x08005800   Data          52  main.o(.constdata)
    AHBPrescTable                            0x0800583c   Data          16  system_stm32f4xx.o(.constdata)
    APBPrescTable                            0x0800584c   Data           8  system_stm32f4xx.o(.constdata)
    ov2640_svga_init_reg_tbl                 0x08005854   Data         354  ov2640.o(.constdata)
    ov2640_jpeg_reg_tbl                      0x080059b6   Data          14  ov2640.o(.constdata)
    ov2640_rgb565_reg_tbl                    0x080059c4   Data          28  ov2640.o(.constdata)
    ov2640_yuv422_reg_tbl                    0x080059e0   Data          16  ov2640.o(.constdata)
    s_model_yolo_1_weights_array_u64         0x08005b00   Data       1093336  model_yolo_1_data_params.o(.constdata)
    Region$$Table$$Base                      0x08110ab8   Number         0  anon$$obj.o(Region$$Table)
    Region$$Table$$Limit                     0x08110ae8   Number         0  anon$$obj.o(Region$$Table)
    hsync_int                                0x10000000   Data           1  main.o(.data)
    ov2640_mode                              0x10000001   Data           1  main.o(.data)
    jpeg_data_ok                             0x10000002   Data           1  main.o(.data)
    effect                                   0x10000003   Data           1  main.o(.data)
    saturation                               0x10000004   Data           1  main.o(.data)
    contrast                                 0x10000005   Data           1  main.o(.data)
    brightness                               0x10000006   Data           1  main.o(.data)
    size                                     0x10000007   Data           1  main.o(.data)
    jpeg_data_len                            0x10000008   Data           4  main.o(.data)
    i                                        0x10000010   Data           4  main.o(.data)
    p                                        0x10000014   Data           4  main.o(.data)
    hcrc                                     0x10000028   Data           8  crc.o(.data)
    uwTickFreq                               0x10000030   Data           1  stm32f4xx_hal.o(.data)
    uwTickPrio                               0x10000034   Data           4  stm32f4xx_hal.o(.data)
    uwTick                                   0x10000038   Data           4  stm32f4xx_hal.o(.data)
    SystemCoreClock                          0x1000003c   Data           4  system_stm32f4xx.o(.data)
    g_model_yolo_1_data_map_activations      0x10000f6c   Data          28  model_yolo_1_data.o(.data)
    g_model_yolo_1_data_map_weights          0x10000f88   Data          28  model_yolo_1_data.o(.data)
    __stdout                                 0x10000fa8   Data           4  stdout.o(.data)
    hdcmi                                    0x10000fb0   Data          64  dcmi.o(.bss)
    hdma_dcmi                                0x10000ff0   Data          96  dcmi.o(.bss)
    huart1                                   0x10001050   Data          68  usart.o(.bss)
    cyclesCount                              0x100010ec   Data          12  aitestutility.o(.bss)
    __initial_sp                             0x100018f8   Data           0  startup_stm32f429xx.o(STACK)
    jpeg_buf                                 0x20000000   Data       40960  main.o(.bss)



==============================================================================

Memory Map of the image

  Image Entry point : 0x080001ad

  Load Region LR_IROM1 (Base: 0x08000000, Size: 0x00111a98, Max: 0x00200000, ABSOLUTE, COMPRESSED[0x00110fec])

    Execution Region ER_IROM1 (Exec base: 0x08000000, Load base: 0x08000000, Size: 0x00110ae8, Max: 0x00200000, ABSOLUTE)

    Exec Addr    Load Addr    Size         Type   Attr      Idx    E Section Name        Object

    0x08000000   0x08000000   0x000001ac   Data   RO            3    RESET               startup_stm32f429xx.o
    0x080001ac   0x080001ac   0x00000000   Code   RO         6212  * .ARM.Collect$$$$00000000  mc_w.l(entry.o)
    0x080001ac   0x080001ac   0x00000004   Code   RO         6588    .ARM.Collect$$$$00000001  mc_w.l(entry2.o)
    0x080001b0   0x080001b0   0x00000004   Code   RO         6591    .ARM.Collect$$$$00000004  mc_w.l(entry5.o)
    0x080001b4   0x080001b4   0x00000000   Code   RO         6593    .ARM.Collect$$$$00000008  mc_w.l(entry7b.o)
    0x080001b4   0x080001b4   0x00000000   Code   RO         6595    .ARM.Collect$$$$0000000A  mc_w.l(entry8b.o)
    0x080001b4   0x080001b4   0x00000008   Code   RO         6596    .ARM.Collect$$$$0000000B  mc_w.l(entry9a.o)
    0x080001bc   0x080001bc   0x00000004   Code   RO         6603    .ARM.Collect$$$$0000000E  mc_w.l(entry12b.o)
    0x080001c0   0x080001c0   0x00000000   Code   RO         6598    .ARM.Collect$$$$0000000F  mc_w.l(entry10a.o)
    0x080001c0   0x080001c0   0x00000000   Code   RO         6600    .ARM.Collect$$$$00000011  mc_w.l(entry11a.o)
    0x080001c0   0x080001c0   0x00000004   Code   RO         6589    .ARM.Collect$$$$00002712  mc_w.l(entry2.o)
    0x080001c4   0x080001c4   0x00000024   Code   RO            4    .text               startup_stm32f429xx.o
    0x080001e8   0x080001e8   0x00000062   Code   RO         6215    .text               mc_w.l(uldiv.o)
    0x0800024a   0x0800024a   0x0000001e   Code   RO         6217    .text               mc_w.l(llshl.o)
    0x08000268   0x08000268   0x00000024   Code   RO         6219    .text               mc_w.l(memcpya.o)
    0x0800028c   0x0800028c   0x00000024   Code   RO         6221    .text               mc_w.l(memseta.o)
    0x080002b0   0x080002b0   0x0000000e   Code   RO         6223    .text               mc_w.l(strlen.o)
    0x080002be   0x080002be   0x0000001a   Code   RO         6227    .text               mc_w.l(memcmp.o)
    0x080002d8   0x080002d8   0x0000014e   Code   RO         6522    .text               mf_w.l(dadd.o)
    0x08000426   0x08000426   0x000000e4   Code   RO         6524    .text               mf_w.l(dmul.o)
    0x0800050a   0x0800050a   0x000000de   Code   RO         6526    .text               mf_w.l(ddiv.o)
    0x080005e8   0x080005e8   0x0000001a   Code   RO         6532    .text               mf_w.l(dfltui.o)
    0x08000602   0x08000602   0x00000030   Code   RO         6536    .text               mf_w.l(dfixul.o)
    0x08000632   0x08000632   0x00000026   Code   RO         6538    .text               mf_w.l(f2d.o)
    0x08000658   0x08000658   0x00000030   Code   RO         6540    .text               mf_w.l(cdcmple.o)
    0x08000688   0x08000688   0x00000038   Code   RO         6542    .text               mf_w.l(d2f.o)
    0x080006c0   0x080006c0   0x0000002c   Code   RO         6605    .text               mc_w.l(uidiv.o)
    0x080006ec   0x080006ec   0x00000020   Code   RO         6607    .text               mc_w.l(llushr.o)
    0x0800070c   0x0800070c   0x00000024   Code   RO         6609    .text               mc_w.l(llsshr.o)
    0x08000730   0x08000730   0x00000000   Code   RO         6620    .text               mc_w.l(iusefp.o)
    0x08000730   0x08000730   0x0000006e   Code   RO         6621    .text               mf_w.l(fepilogue.o)
    0x0800079e   0x0800079e   0x000000ba   Code   RO         6627    .text               mf_w.l(depilogue.o)
    0x08000858   0x08000858   0x00000030   Code   RO         6629    .text               mf_w.l(cdrcmple.o)
    0x08000888   0x08000888   0x00000024   Code   RO         6633    .text               mc_w.l(init.o)
    0x080008ac   0x080008ac   0x00000056   Code   RO         6643    .text               mc_w.l(__dczerorl2.o)
    0x08000902   0x08000902   0x00000002   PAD
    0x08000904   0x08000904   0x00000094   Code   RO           13    i.AI_Init_for_model_yolo_1  main.o
    0x08000998   0x08000998   0x000000a8   Code   RO           14    i.AI_Run_for_model_yolo_1  main.o
    0x08000a40   0x08000a40   0x00000002   Code   RO          437    i.BusFault_Handler  stm32f4xx_it.o
    0x08000a42   0x08000a42   0x00000002   PAD
    0x08000a44   0x08000a44   0x00000060   Code   RO         4522    i.CRC_Lock          NetworkRuntime810_CM4_Keil.lib(ai_platform_interface.o)
    0x08000aa4   0x08000aa4   0x00000018   Code   RO         1823    i.DCMI_DMAError     stm32f4xx_hal_dcmi.o
    0x08000abc   0x08000abc   0x0000000c   Code   RO          438    i.DCMI_IRQHandler   stm32f4xx_it.o
    0x08000ac8   0x08000ac8   0x00000020   Code   RO          310    i.DCMI_Start        dcmi.o
    0x08000ae8   0x08000ae8   0x0000000c   Code   RO          439    i.DMA2_Stream1_IRQHandler  stm32f4xx_it.o
    0x08000af4   0x08000af4   0x00000028   Code   RO         1120    i.DMA_CalcBaseAndBitshift  stm32f4xx_hal_dma.o
    0x08000b1c   0x08000b1c   0x00000054   Code   RO         1121    i.DMA_CheckFifoParam  stm32f4xx_hal_dma.o
    0x08000b70   0x08000b70   0x00000028   Code   RO         1122    i.DMA_SetConfig     stm32f4xx_hal_dma.o
    0x08000b98   0x08000b98   0x00000002   Code   RO          440    i.DebugMon_Handler  stm32f4xx_it.o
    0x08000b9a   0x08000b9a   0x00000002   PAD
    0x08000b9c   0x08000b9c   0x00000020   Code   RO           15    i.Error_Handler     main.o
    0x08000bbc   0x08000bbc   0x00000022   Code   RO          553    i.HAL_CRC_Init      stm32f4xx_hal_crc.o
    0x08000bde   0x08000bde   0x00000002   PAD
    0x08000be0   0x08000be0   0x00000028   Code   RO          269    i.HAL_CRC_MspInit   crc.o
    0x08000c08   0x08000c08   0x00000002   Code   RO         1830    i.HAL_DCMI_ErrorCallback  stm32f4xx_hal_dcmi.o
    0x08000c0a   0x08000c0a   0x00000002   PAD
    0x08000c0c   0x08000c0c   0x0000002c   Code   RO          312    i.HAL_DCMI_FrameEventCallback  dcmi.o
    0x08000c38   0x08000c38   0x00000098   Code   RO         1834    i.HAL_DCMI_IRQHandler  stm32f4xx_hal_dcmi.o
    0x08000cd0   0x08000cd0   0x00000086   Code   RO         1965    i.HAL_DCMI_Init     stm32f4xx_hal_dcmi_ex.o
    0x08000d56   0x08000d56   0x00000002   Code   RO         1836    i.HAL_DCMI_LineEventCallback  stm32f4xx_hal_dcmi.o
    0x08000d58   0x08000d58   0x00000158   Code   RO          314    i.HAL_DCMI_MspInit  dcmi.o
    0x08000eb0   0x08000eb0   0x00000002   Code   RO         1843    i.HAL_DCMI_VsyncEventCallback  stm32f4xx_hal_dcmi.o
    0x08000eb2   0x08000eb2   0x00000024   Code   RO         1124    i.HAL_DMA_Abort_IT  stm32f4xx_hal_dma.o
    0x08000ed6   0x08000ed6   0x00000002   PAD
    0x08000ed8   0x08000ed8   0x000001a0   Code   RO         1128    i.HAL_DMA_IRQHandler  stm32f4xx_hal_dma.o
    0x08001078   0x08001078   0x000000d4   Code   RO         1129    i.HAL_DMA_Init      stm32f4xx_hal_dma.o
    0x0800114c   0x0800114c   0x00000046   Code   RO         1132    i.HAL_DMA_Start     stm32f4xx_hal_dma.o
    0x08001192   0x08001192   0x00000002   PAD
    0x08001194   0x08001194   0x00000024   Code   RO         1560    i.HAL_Delay         stm32f4xx_hal.o
    0x080011b8   0x080011b8   0x00000234   Code   RO         1016    i.HAL_GPIO_Init     stm32f4xx_hal_gpio.o
    0x080013ec   0x080013ec   0x0000000a   Code   RO         1018    i.HAL_GPIO_ReadPin  stm32f4xx_hal_gpio.o
    0x080013f6   0x080013f6   0x00000010   Code   RO         1019    i.HAL_GPIO_TogglePin  stm32f4xx_hal_gpio.o
    0x08001406   0x08001406   0x0000000a   Code   RO         1020    i.HAL_GPIO_WritePin  stm32f4xx_hal_gpio.o
    0x08001410   0x08001410   0x00000010   Code   RO         1565    i.HAL_GetDEVID      stm32f4xx_hal.o
    0x08001420   0x08001420   0x00000008   Code   RO         1566    i.HAL_GetHalVersion  stm32f4xx_hal.o
    0x08001428   0x08001428   0x0000000c   Code   RO         1567    i.HAL_GetREVID      stm32f4xx_hal.o
    0x08001434   0x08001434   0x0000000c   Code   RO         1568    i.HAL_GetTick       stm32f4xx_hal.o
    0x08001440   0x08001440   0x00000010   Code   RO         1574    i.HAL_IncTick       stm32f4xx_hal.o
    0x08001450   0x08001450   0x00000034   Code   RO         1575    i.HAL_Init          stm32f4xx_hal.o
    0x08001484   0x08001484   0x00000040   Code   RO         1576    i.HAL_InitTick      stm32f4xx_hal.o
    0x080014c4   0x080014c4   0x00000030   Code   RO          525    i.HAL_MspInit       stm32f4xx_hal_msp.o
    0x080014f4   0x080014f4   0x0000001a   Code   RO         1423    i.HAL_NVIC_EnableIRQ  stm32f4xx_hal_cortex.o
    0x0800150e   0x0800150e   0x00000002   PAD
    0x08001510   0x08001510   0x00000040   Code   RO         1429    i.HAL_NVIC_SetPriority  stm32f4xx_hal_cortex.o
    0x08001550   0x08001550   0x00000024   Code   RO         1430    i.HAL_NVIC_SetPriorityGrouping  stm32f4xx_hal_cortex.o
    0x08001574   0x08001574   0x00000070   Code   RO         1352    i.HAL_PWREx_EnableOverDrive  stm32f4xx_hal_pwr_ex.o
    0x080015e4   0x080015e4   0x00000134   Code   RO          610    i.HAL_RCC_ClockConfig  stm32f4xx_hal_rcc.o
    0x08001718   0x08001718   0x0000000c   Code   RO          615    i.HAL_RCC_GetHCLKFreq  stm32f4xx_hal_rcc.o
    0x08001724   0x08001724   0x00000020   Code   RO          617    i.HAL_RCC_GetPCLK1Freq  stm32f4xx_hal_rcc.o
    0x08001744   0x08001744   0x00000020   Code   RO          618    i.HAL_RCC_GetPCLK2Freq  stm32f4xx_hal_rcc.o
    0x08001764   0x08001764   0x00000064   Code   RO          619    i.HAL_RCC_GetSysClockFreq  stm32f4xx_hal_rcc.o
    0x080017c8   0x080017c8   0x0000008c   Code   RO          620    i.HAL_RCC_MCOConfig  stm32f4xx_hal_rcc.o
    0x08001854   0x08001854   0x0000036c   Code   RO          622    i.HAL_RCC_OscConfig  stm32f4xx_hal_rcc.o
    0x08001bc0   0x08001bc0   0x00000028   Code   RO         1434    i.HAL_SYSTICK_Config  stm32f4xx_hal_cortex.o
    0x08001be8   0x08001be8   0x00000062   Code   RO         2054    i.HAL_UART_Init     stm32f4xx_hal_uart.o
    0x08001c4a   0x08001c4a   0x00000002   PAD
    0x08001c4c   0x08001c4c   0x0000006c   Code   RO          396    i.HAL_UART_MspInit  usart.o
    0x08001cb8   0x08001cb8   0x000000b2   Code   RO         2062    i.HAL_UART_Transmit  stm32f4xx_hal_uart.o
    0x08001d6a   0x08001d6a   0x00000002   Code   RO          441    i.HardFault_Handler  stm32f4xx_it.o
    0x08001d6c   0x08001d6c   0x00000024   Code   RO          270    i.MX_CRC_Init       crc.o
    0x08001d90   0x08001d90   0x00000048   Code   RO          315    i.MX_DCMI_Init      dcmi.o
    0x08001dd8   0x08001dd8   0x0000002c   Code   RO          371    i.MX_DMA_Init       dma.o
    0x08001e04   0x08001e04   0x00000114   Code   RO          244    i.MX_GPIO_Init      gpio.o
    0x08001f18   0x08001f18   0x00000038   Code   RO          397    i.MX_USART1_UART_Init  usart.o
    0x08001f50   0x08001f50   0x0000000e   Code   RO         4392    i.MX_X_CUBE_AI_Init  app_x-cube-ai.o
    0x08001f5e   0x08001f5e   0x00000002   Code   RO          442    i.MemManage_Handler  stm32f4xx_it.o
    0x08001f60   0x08001f60   0x00000002   Code   RO          443    i.NMI_Handler       stm32f4xx_it.o
    0x08001f62   0x08001f62   0x0000003a   Code   RO         2421    i.OV2640_Brightness  ov2640.o
    0x08001f9c   0x08001f9c   0x00000040   Code   RO         2423    i.OV2640_Color_Saturation  ov2640.o
    0x08001fdc   0x08001fdc   0x00000070   Code   RO         2424    i.OV2640_Contrast   ov2640.o
    0x0800204c   0x0800204c   0x000000dc   Code   RO         2427    i.OV2640_Init       ov2640.o
    0x08002128   0x08002128   0x00000054   Code   RO         2430    i.OV2640_OutSize_Set  ov2640.o
    0x0800217c   0x0800217c   0x00000024   Code   RO         2431    i.OV2640_RGB565_Mode  ov2640.o
    0x080021a0   0x080021a0   0x00000070   Code   RO         2432    i.OV2640_Special_Effects  ov2640.o
    0x08002210   0x08002210   0x00000002   Code   RO          444    i.PendSV_Handler    stm32f4xx_it.o
    0x08002212   0x08002212   0x00000002   PAD
    0x08002214   0x08002214   0x00000030   Code   RO           16    i.RGB565_to_Gray    main.o
    0x08002244   0x08002244   0x0000004c   Code   RO         2536    i.SCCB_Init         sccb.o
    0x08002290   0x08002290   0x0000004c   Code   RO         2537    i.SCCB_No_Ack       sccb.o
    0x080022dc   0x080022dc   0x00000068   Code   RO         2538    i.SCCB_RD_Byte      sccb.o
    0x08002344   0x08002344   0x0000004c   Code   RO         2539    i.SCCB_RD_Reg       sccb.o
    0x08002390   0x08002390   0x00000040   Code   RO         2540    i.SCCB_Start        sccb.o
    0x080023d0   0x080023d0   0x0000003c   Code   RO         2541    i.SCCB_Stop         sccb.o
    0x0800240c   0x0800240c   0x0000009c   Code   RO         2542    i.SCCB_WR_Byte      sccb.o
    0x080024a8   0x080024a8   0x0000003e   Code   RO         2543    i.SCCB_WR_Reg       sccb.o
    0x080024e6   0x080024e6   0x00000002   Code   RO          445    i.SVC_Handler       stm32f4xx_it.o
    0x080024e8   0x080024e8   0x00000004   Code   RO          446    i.SysTick_Handler   stm32f4xx_it.o
    0x080024ec   0x080024ec   0x0000009c   Code   RO           17    i.SystemClock_Config  main.o
    0x08002588   0x08002588   0x00000010   Code   RO         2383    i.SystemInit        system_stm32f4xx.o
    0x08002598   0x08002598   0x0000010c   Code   RO         2080    i.UART_SetConfig    stm32f4xx_hal_uart.o
    0x080026a4   0x080026a4   0x00000078   Code   RO         2083    i.UART_WaitOnFlagUntilTimeout  stm32f4xx_hal_uart.o
    0x0800271c   0x0800271c   0x00000002   Code   RO          447    i.UsageFault_Handler  stm32f4xx_it.o
    0x0800271e   0x0800271e   0x00000002   PAD
    0x08002720   0x08002720   0x00000020   Code   RO         6466    i.__0printf         mc_w.l(printfa.o)
    0x08002740   0x08002740   0x00000026   Code   RO         6550    i.__ARM_fpclassifyf  m_wm.l(fpclassifyf.o)
    0x08002766   0x08002766   0x00000020   Code   RO         1436    i.__NVIC_SetPriority  stm32f4xx_hal_cortex.o
    0x08002786   0x08002786   0x00000002   PAD
    0x08002788   0x08002788   0x000000f8   Code   RO         5390    i.__ai_math_dot_array  NetworkRuntime810_CM4_Keil.lib(lite_dense_if32.o)
    0x08002880   0x08002880   0x000001e8   Code   RO         6100    i.__hardfp_expf     m_wm.l(expf.o)
    0x08002a68   0x08002a68   0x00000006   Code   RO         6553    i.__mathlib_flt_infnan  m_wm.l(funder.o)
    0x08002a6e   0x08002a6e   0x00000002   PAD
    0x08002a70   0x08002a70   0x00000010   Code   RO         6556    i.__mathlib_flt_overflow  m_wm.l(funder.o)
    0x08002a80   0x08002a80   0x00000010   Code   RO         6558    i.__mathlib_flt_underflow  m_wm.l(funder.o)
    0x08002a90   0x08002a90   0x0000000e   Code   RO         6637    i.__scatterload_copy  mc_w.l(handlers.o)
    0x08002a9e   0x08002a9e   0x00000002   Code   RO         6638    i.__scatterload_null  mc_w.l(handlers.o)
    0x08002aa0   0x08002aa0   0x0000000e   Code   RO         6639    i.__scatterload_zeroinit  mc_w.l(handlers.o)
    0x08002aae   0x08002aae   0x00000002   PAD
    0x08002ab0   0x08002ab0   0x0000000c   Code   RO         6615    i.__set_errno       mc_w.l(errno.o)
    0x08002abc   0x08002abc   0x0000012c   Code   RO         4616    i._ai_dict4_dot_array_f32  NetworkRuntime810_CM4_Keil.lib(layers_conv2d_generic_float.o)
    0x08002be8   0x08002be8   0x000000e8   Code   RO         4617    i._ai_dict8_dot_array_f32  NetworkRuntime810_CM4_Keil.lib(layers_conv2d_generic_float.o)
    0x08002cd0   0x08002cd0   0x00000012   Code   RO         5333    i._ai_forward_layer  NetworkRuntime810_CM4_Keil.lib(layers.o)
    0x08002ce2   0x08002ce2   0x00000004   Code   RO         4523    i._ai_platform_acquire_crc  NetworkRuntime810_CM4_Keil.lib(ai_platform_interface.o)
    0x08002ce6   0x08002ce6   0x00000002   PAD
    0x08002ce8   0x08002ce8   0x000000e0   Code   RO         4524    i._ai_platform_get_io_buffers_info  NetworkRuntime810_CM4_Keil.lib(ai_platform_interface.o)
    0x08002dc8   0x08002dc8   0x00000002   Code   RO         4525    i._ai_platform_release_crc  NetworkRuntime810_CM4_Keil.lib(ai_platform_interface.o)
    0x08002dca   0x08002dca   0x00000002   PAD
    0x08002dcc   0x08002dcc   0x000000ac   Code   RO         4652    i._forward_lite_nl_relu_generic_if32of32  NetworkRuntime810_CM4_Keil.lib(layers_nl_generic_float.o)
    0x08002e78   0x08002e78   0x00000038   Code   RO         4653    i._forward_lite_nl_relu_thresholded_if32of32  NetworkRuntime810_CM4_Keil.lib(layers_nl_generic_float.o)
    0x08002eb0   0x08002eb0   0x0000002e   Code   RO         4654    i._forward_lite_nl_softmax_if32of32  NetworkRuntime810_CM4_Keil.lib(layers_nl_generic_float.o)
    0x08002ede   0x08002ede   0x00000002   PAD
    0x08002ee0   0x08002ee0   0x00000098   Code   RO         4655    i._forward_lite_nl_softmax_if32of32_kernel  NetworkRuntime810_CM4_Keil.lib(layers_nl_generic_float.o)
    0x08002f78   0x08002f78   0x00000184   Code   RO         6473    i._fp_digits        mc_w.l(printfa.o)
    0x080030fc   0x080030fc   0x0000004c   Code   RO         4526    i._platform_ai_buffer_array_copy  NetworkRuntime810_CM4_Keil.lib(ai_platform_interface.o)
    0x08003148   0x08003148   0x00000050   Code   RO         4527    i._platform_get_table_map_from_buffer  NetworkRuntime810_CM4_Keil.lib(ai_platform_interface.o)
    0x08003198   0x08003198   0x00000044   Code   RO         4528    i._platform_get_table_map_from_buffer_array  NetworkRuntime810_CM4_Keil.lib(ai_platform_interface.o)
    0x080031dc   0x080031dc   0x00000014   Code   RO         4529    i._platform_network_buffers_signature_valid  NetworkRuntime810_CM4_Keil.lib(ai_platform_interface.o)
    0x080031f0   0x080031f0   0x00000210   Code   RO         4530    i._platform_network_io_bind  NetworkRuntime810_CM4_Keil.lib(ai_platform_interface.o)
    0x08003400   0x08003400   0x0000003e   Code   RO         4531    i._platform_network_state_setup  NetworkRuntime810_CM4_Keil.lib(ai_platform_interface.o)
    0x0800343e   0x0800343e   0x00000068   Code   RO         4532    i._platform_network_state_update_input  NetworkRuntime810_CM4_Keil.lib(ai_platform_interface.o)
    0x080034a6   0x080034a6   0x0000007c   Code   RO         4533    i._platform_network_state_update_output  NetworkRuntime810_CM4_Keil.lib(ai_platform_interface.o)
    0x08003522   0x08003522   0x00000002   PAD
    0x08003524   0x08003524   0x000006b4   Code   RO         6474    i._printf_core      mc_w.l(printfa.o)
    0x08003bd8   0x08003bd8   0x00000024   Code   RO         6475    i._printf_post_padding  mc_w.l(printfa.o)
    0x08003bfc   0x08003bfc   0x0000002e   Code   RO         6476    i._printf_pre_padding  mc_w.l(printfa.o)
    0x08003c2a   0x08003c2a   0x00000002   PAD
    0x08003c2c   0x08003c2c   0x00000018   Code   RO         4135    i._put_c_driver     aitestutility.o
    0x08003c44   0x08003c44   0x00000160   Code   RO         4290    i._write_double     lc_print.o
    0x08003da4   0x08003da4   0x00000116   Code   RO         4291    i._write_number     lc_print.o
    0x08003eba   0x08003eba   0x00000002   PAD
    0x08003ebc   0x08003ebc   0x0000006e   Code   RO         4292    i._write_string     lc_print.o
    0x08003f2a   0x08003f2a   0x00000002   PAD
    0x08003f2c   0x08003f2c   0x00000058   Code   RO         3447    i.aiValidationInit  aivalidation.o
    0x08003f84   0x08003f84   0x00000036   Code   RO         4841    i.ai_array_get_byte_size  NetworkRuntime810_CM4_Keil.lib(ai_datatypes_format.o)
    0x08003fba   0x08003fba   0x0000001e   Code   RO         4842    i.ai_array_get_data_byte_size  NetworkRuntime810_CM4_Keil.lib(ai_datatypes_format.o)
    0x08003fd8   0x08003fd8   0x00000128   Code   RO         4844    i.ai_array_to_buffer_fmt  NetworkRuntime810_CM4_Keil.lib(ai_datatypes_format.o)
    0x08004100   0x08004100   0x00000024   Code   RO         4508    i.ai_buffer_array_item_set_address  NetworkRuntime810_CM4_Keil.lib(ai_platform.o)
    0x08004124   0x08004124   0x00000012   Code   RO         4509    i.ai_buffer_array_sane  NetworkRuntime810_CM4_Keil.lib(ai_platform.o)
    0x08004136   0x08004136   0x00000002   PAD
    0x08004138   0x08004138   0x00000068   Code   RO         4511    i.ai_buffer_get_size  NetworkRuntime810_CM4_Keil.lib(ai_platform.o)
    0x080041a0   0x080041a0   0x0000002c   Code   RO         5334    i.ai_check_custom_types  NetworkRuntime810_CM4_Keil.lib(layers.o)
    0x080041cc   0x080041cc   0x00000050   Code   RO         5339    i.ai_layers_forward_all  NetworkRuntime810_CM4_Keil.lib(layers.o)
    0x0800421c   0x0800421c   0x0000001e   Code   RO         5340    i.ai_layers_init_all  NetworkRuntime810_CM4_Keil.lib(layers.o)
    0x0800423a   0x0800423a   0x00000036   Code   RO         5341    i.ai_layers_post_init_all  NetworkRuntime810_CM4_Keil.lib(layers.o)
    0x08004270   0x08004270   0x00000018   Code   RO         2611    i.ai_model_yolo_1_create  model_yolo_1.o
    0x08004288   0x08004288   0x00000084   Code   RO         2612    i.ai_model_yolo_1_create_and_init  model_yolo_1.o
    0x0800430c   0x0800430c   0x00000028   Code   RO         3046    i.ai_model_yolo_1_data_params_get  model_yolo_1_data.o
    0x08004334   0x08004334   0x00000004   Code   RO         2615    i.ai_model_yolo_1_get_error  model_yolo_1.o
    0x08004338   0x08004338   0x00000030   Code   RO         2618    i.ai_model_yolo_1_init  model_yolo_1.o
    0x08004368   0x08004368   0x00000014   Code   RO         2619    i.ai_model_yolo_1_inputs_get  model_yolo_1.o
    0x0800437c   0x0800437c   0x00000014   Code   RO         2620    i.ai_model_yolo_1_outputs_get  model_yolo_1.o
    0x08004390   0x08004390   0x00000004   Code   RO         2621    i.ai_model_yolo_1_run  model_yolo_1.o
    0x08004394   0x08004394   0x0000002c   Code   RO         4537    i.ai_platform_bind_network_params  NetworkRuntime810_CM4_Keil.lib(ai_platform_interface.o)
    0x080043c0   0x080043c0   0x0000001c   Code   RO         4538    i.ai_platform_context_acquire  NetworkRuntime810_CM4_Keil.lib(ai_platform_interface.o)
    0x080043dc   0x080043dc   0x0000002c   Code   RO         4540    i.ai_platform_get_activations_map  NetworkRuntime810_CM4_Keil.lib(ai_platform_interface.o)
    0x08004408   0x08004408   0x00000028   Code   RO         4541    i.ai_platform_get_weights_map  NetworkRuntime810_CM4_Keil.lib(ai_platform_interface.o)
    0x08004430   0x08004430   0x00000042   Code   RO         4542    i.ai_platform_inputs_get  NetworkRuntime810_CM4_Keil.lib(ai_platform_interface.o)
    0x08004472   0x08004472   0x00000002   PAD
    0x08004474   0x08004474   0x00000014   Code   RO         4543    i.ai_platform_interface_api_get_version  NetworkRuntime810_CM4_Keil.lib(ai_platform_interface.o)
    0x08004488   0x08004488   0x00000108   Code   RO         4544    i.ai_platform_network_create  NetworkRuntime810_CM4_Keil.lib(ai_platform_interface.o)
    0x08004590   0x08004590   0x0000001c   Code   RO         4546    i.ai_platform_network_get_error  NetworkRuntime810_CM4_Keil.lib(ai_platform_interface.o)
    0x080045ac   0x080045ac   0x0000010c   Code   RO         4547    i.ai_platform_network_init  NetworkRuntime810_CM4_Keil.lib(ai_platform_interface.o)
    0x080046b8   0x080046b8   0x00000046   Code   RO         4548    i.ai_platform_network_post_init  NetworkRuntime810_CM4_Keil.lib(ai_platform_interface.o)
    0x080046fe   0x080046fe   0x00000054   Code   RO         4549    i.ai_platform_network_process  NetworkRuntime810_CM4_Keil.lib(ai_platform_interface.o)
    0x08004752   0x08004752   0x0000000c   Code   RO         4550    i.ai_platform_network_set_error  NetworkRuntime810_CM4_Keil.lib(ai_platform_interface.o)
    0x0800475e   0x0800475e   0x00000048   Code   RO         4556    i.ai_platform_outputs_get  NetworkRuntime810_CM4_Keil.lib(ai_platform_interface.o)
    0x080047a6   0x080047a6   0x0000001a   Code   RO         4656    i.ai_shape_get_size  NetworkRuntime810_CM4_Keil.lib(layers_nl_generic_float.o)
    0x080047c0   0x080047c0   0x0000000c   Code   RO         4603    i.ai_version_get    NetworkRuntime810_CM4_Keil.lib(ai_datatypes_internal.o)
    0x080047cc   0x080047cc   0x0000000c   Code   RO         5354    i.core_get_error    NetworkRuntime810_CM4_Keil.lib(core_common.o)
    0x080047d8   0x080047d8   0x00000004   Code   RO         5355    i.core_init         NetworkRuntime810_CM4_Keil.lib(core_common.o)
    0x080047dc   0x080047dc   0x0000001a   Code   RO         5356    i.core_set_error    NetworkRuntime810_CM4_Keil.lib(core_common.o)
    0x080047f6   0x080047f6   0x00000002   PAD
    0x080047f8   0x080047f8   0x000000a0   Code   RO         3450    i.cyclesCounterInit  aivalidation.o
    0x08004898   0x08004898   0x00000018   Code   RO         2544    i.delay_ms          sccb.o
    0x080048b0   0x080048b0   0x00000014   Code   RO         2545    i.delay_us          sccb.o
    0x080048c4   0x080048c4   0x000000fc   Code   RO         4136    i.devIdToStr        aitestutility.o
    0x080049c0   0x080049c0   0x00000094   Code   RO         4138    i.dwtCyclesToTime   aitestutility.o
    0x08004a54   0x08004a54   0x000001ec   Code   RO         4626    i.forward_dense     NetworkRuntime810_CM4_Keil.lib(layers_conv2d_generic_float.o)
    0x08004c40   0x08004c40   0x0000007c   Code   RO         5391    i.forward_lite_dense_if32of32wf32  NetworkRuntime810_CM4_Keil.lib(lite_dense_if32.o)
    0x08004cbc   0x08004cbc   0x000000d0   Code   RO         4681    i.forward_relu      NetworkRuntime810_CM4_Keil.lib(layers_nl_generic_float.o)
    0x08004d8c   0x08004d8c   0x00000070   Code   RO         4690    i.forward_sm        NetworkRuntime810_CM4_Keil.lib(layers_nl_generic_float.o)
    0x08004dfc   0x08004dfc   0x00000018   Code   RO         4139    i.fputc             aitestutility.o
    0x08004e14   0x08004e14   0x00000038   Code   RO         4140    i.getFlashCacheConf  aitestutility.o
    0x08004e4c   0x08004e4c   0x00000026   Code   RO         4141    i.getSysConf        aitestutility.o
    0x08004e72   0x08004e72   0x00000002   PAD
    0x08004e74   0x08004e74   0x00000028   Code   RO         4604    i.get_tensor_byte_size  NetworkRuntime810_CM4_Keil.lib(ai_datatypes_internal.o)
    0x08004e9c   0x08004e9c   0x0000005c   Code   RO           18    i.jpeg_data_process  main.o
    0x08004ef8   0x08004ef8   0x0000001c   Code   RO         4146    i.lc_print          aitestutility.o
    0x08004f14   0x08004f14   0x00000264   Code   RO           19    i.main              main.o
    0x08005178   0x08005178   0x000000b8   Code   RO         2622    i.model_yolo_1_configure_activations  model_yolo_1.o
    0x08005230   0x08005230   0x00000170   Code   RO         2623    i.model_yolo_1_configure_weights  model_yolo_1.o
    0x080053a0   0x080053a0   0x00000024   Code   RO         4263    i.port_dwt_init_imp  ai_device_adaptor.o
    0x080053c4   0x080053c4   0x0000001c   Code   RO         4264    i.port_hal_crc_ip_init_imp  ai_device_adaptor.o
    0x080053e0   0x080053e0   0x00000020   Code   RO         4148    i.port_io_write     aitestutility.o
    0x08005400   0x08005400   0x00000090   Code   RO         5397    i.st_int8_copy      NetworkRuntime810_CM4_Keil.lib(st_int8_fill.o)
    0x08005490   0x08005490   0x000001b0   Code   RO         4150    i.systemSettingLog  aitestutility.o
    0x08005640   0x08005640   0x000001bc   Code   RO         4293    i.vlc_print         lc_print.o
    0x080057fc   0x080057fc   0x00000038   Data   RO           23    .constdata          main.o
    0x08005834   0x08005834   0x00000008   Data   RO         1135    .constdata          stm32f4xx_hal_dma.o
    0x0800583c   0x0800583c   0x00000010   Data   RO         2384    .constdata          system_stm32f4xx.o
    0x0800584c   0x0800584c   0x00000008   Data   RO         2385    .constdata          system_stm32f4xx.o
    0x08005854   0x08005854   0x000001c4   Data   RO         2436    .constdata          ov2640.o
    0x08005a18   0x08005a18   0x00000008   Data   RO         2628    .constdata          model_yolo_1.o
    0x08005a20   0x08005a20   0x00000008   Data   RO         2629    .constdata          model_yolo_1.o
    0x08005a28   0x08005a28   0x00000008   Data   RO         2630    .constdata          model_yolo_1.o
    0x08005a30   0x08005a30   0x00000008   Data   RO         2631    .constdata          model_yolo_1.o
    0x08005a38   0x08005a38   0x00000008   Data   RO         2632    .constdata          model_yolo_1.o
    0x08005a40   0x08005a40   0x00000008   Data   RO         2633    .constdata          model_yolo_1.o
    0x08005a48   0x08005a48   0x00000008   Data   RO         2634    .constdata          model_yolo_1.o
    0x08005a50   0x08005a50   0x00000008   Data   RO         2635    .constdata          model_yolo_1.o
    0x08005a58   0x08005a58   0x00000008   Data   RO         2636    .constdata          model_yolo_1.o
    0x08005a60   0x08005a60   0x00000008   Data   RO         2637    .constdata          model_yolo_1.o
    0x08005a68   0x08005a68   0x00000008   Data   RO         2638    .constdata          model_yolo_1.o
    0x08005a70   0x08005a70   0x00000008   Data   RO         2639    .constdata          model_yolo_1.o
    0x08005a78   0x08005a78   0x00000008   Data   RO         2640    .constdata          model_yolo_1.o
    0x08005a80   0x08005a80   0x00000008   Data   RO         2641    .constdata          model_yolo_1.o
    0x08005a88   0x08005a88   0x00000068   Data   RO         3049    .constdata          model_yolo_1_data.o
    0x08005af0   0x08005af0   0x00000010   PAD
    0x08005b00   0x08005b00   0x0010aed8   Data   RO         3099    .constdata          model_yolo_1_data_params.o
    0x081109d8   0x081109d8   0x0000006c   Data   RO         4559    .constdata          NetworkRuntime810_CM4_Keil.lib(ai_platform_interface.o)
    0x08110a44   0x08110a44   0x00000030   Data   RO         6103    .constdata          m_wm.l(expf.o)
    0x08110a74   0x08110a74   0x00000044   Data   RO         4153    .conststring        aitestutility.o
    0x08110ab8   0x08110ab8   0x00000030   Data   RO         6635    Region$$Table       anon$$obj.o


    Execution Region RW_IRAM2 (Exec base: 0x10000000, Load base: 0x08110ae8, Size: 0x000018f8, Max: 0x00010000, ABSOLUTE, COMPRESSED[0x00000504])

    Exec Addr    Load Addr    Size         Type   Attr      Idx    E Section Name        Object

    0x10000000   COMPRESSED   0x00000028   Data   RW           26    .data               main.o
    0x10000028   COMPRESSED   0x00000008   Data   RW          271    .data               crc.o
    0x10000030   COMPRESSED   0x0000000c   Data   RW         1582    .data               stm32f4xx_hal.o
    0x1000003c   COMPRESSED   0x00000004   Data   RW         2386    .data               system_stm32f4xx.o
    0x10000040   COMPRESSED   0x00000010   Data   RW         2644    .data               model_yolo_1.o
    0x10000050   COMPRESSED   0x00000010   Data   RW         2645    .data               model_yolo_1.o
    0x10000060   COMPRESSED   0x00000010   Data   RW         2646    .data               model_yolo_1.o
    0x10000070   COMPRESSED   0x00000010   Data   RW         2647    .data               model_yolo_1.o
    0x10000080   COMPRESSED   0x00000010   Data   RW         2648    .data               model_yolo_1.o
    0x10000090   COMPRESSED   0x00000010   Data   RW         2649    .data               model_yolo_1.o
    0x100000a0   COMPRESSED   0x00000010   Data   RW         2650    .data               model_yolo_1.o
    0x100000b0   COMPRESSED   0x00000010   Data   RW         2651    .data               model_yolo_1.o
    0x100000c0   COMPRESSED   0x00000010   Data   RW         2652    .data               model_yolo_1.o
    0x100000d0   COMPRESSED   0x00000010   Data   RW         2653    .data               model_yolo_1.o
    0x100000e0   COMPRESSED   0x00000010   Data   RW         2654    .data               model_yolo_1.o
    0x100000f0   COMPRESSED   0x00000010   Data   RW         2655    .data               model_yolo_1.o
    0x10000100   COMPRESSED   0x00000010   Data   RW         2656    .data               model_yolo_1.o
    0x10000110   COMPRESSED   0x00000010   Data   RW         2657    .data               model_yolo_1.o
    0x10000120   COMPRESSED   0x00000010   Data   RW         2658    .data               model_yolo_1.o
    0x10000130   COMPRESSED   0x00000010   Data   RW         2659    .data               model_yolo_1.o
    0x10000140   COMPRESSED   0x00000010   Data   RW         2660    .data               model_yolo_1.o
    0x10000150   COMPRESSED   0x00000010   Data   RW         2661    .data               model_yolo_1.o
    0x10000160   COMPRESSED   0x00000010   Data   RW         2662    .data               model_yolo_1.o
    0x10000170   COMPRESSED   0x00000010   Data   RW         2663    .data               model_yolo_1.o
    0x10000180   COMPRESSED   0x00000010   Data   RW         2664    .data               model_yolo_1.o
    0x10000190   COMPRESSED   0x00000010   Data   RW         2665    .data               model_yolo_1.o
    0x100001a0   COMPRESSED   0x00000010   Data   RW         2666    .data               model_yolo_1.o
    0x100001b0   COMPRESSED   0x00000010   Data   RW         2667    .data               model_yolo_1.o
    0x100001c0   COMPRESSED   0x00000010   Data   RW         2668    .data               model_yolo_1.o
    0x100001d0   COMPRESSED   0x00000010   Data   RW         2669    .data               model_yolo_1.o
    0x100001e0   COMPRESSED   0x00000010   Data   RW         2670    .data               model_yolo_1.o
    0x100001f0   COMPRESSED   0x00000010   Data   RW         2671    .data               model_yolo_1.o
    0x10000200   COMPRESSED   0x00000010   Data   RW         2672    .data               model_yolo_1.o
    0x10000210   COMPRESSED   0x00000010   Data   RW         2673    .data               model_yolo_1.o
    0x10000220   COMPRESSED   0x00000010   Data   RW         2674    .data               model_yolo_1.o
    0x10000230   COMPRESSED   0x00000010   Data   RW         2675    .data               model_yolo_1.o
    0x10000240   COMPRESSED   0x00000010   Data   RW         2676    .data               model_yolo_1.o
    0x10000250   COMPRESSED   0x00000010   Data   RW         2677    .data               model_yolo_1.o
    0x10000260   COMPRESSED   0x00000010   Data   RW         2678    .data               model_yolo_1.o
    0x10000270   COMPRESSED   0x00000010   Data   RW         2679    .data               model_yolo_1.o
    0x10000280   COMPRESSED   0x00000010   Data   RW         2680    .data               model_yolo_1.o
    0x10000290   COMPRESSED   0x00000010   Data   RW         2681    .data               model_yolo_1.o
    0x100002a0   COMPRESSED   0x00000010   Data   RW         2682    .data               model_yolo_1.o
    0x100002b0   COMPRESSED   0x00000010   Data   RW         2683    .data               model_yolo_1.o
    0x100002c0   COMPRESSED   0x00000010   Data   RW         2684    .data               model_yolo_1.o
    0x100002d0   COMPRESSED   0x00000010   Data   RW         2685    .data               model_yolo_1.o
    0x100002e0   COMPRESSED   0x00000010   Data   RW         2686    .data               model_yolo_1.o
    0x100002f0   COMPRESSED   0x00000010   Data   RW         2687    .data               model_yolo_1.o
    0x10000300   COMPRESSED   0x00000010   Data   RW         2688    .data               model_yolo_1.o
    0x10000310   COMPRESSED   0x00000010   Data   RW         2689    .data               model_yolo_1.o
    0x10000320   COMPRESSED   0x00000010   Data   RW         2690    .data               model_yolo_1.o
    0x10000330   COMPRESSED   0x00000010   Data   RW         2691    .data               model_yolo_1.o
    0x10000340   COMPRESSED   0x00000010   Data   RW         2692    .data               model_yolo_1.o
    0x10000350   COMPRESSED   0x00000010   Data   RW         2693    .data               model_yolo_1.o
    0x10000360   COMPRESSED   0x00000010   Data   RW         2694    .data               model_yolo_1.o
    0x10000370   COMPRESSED   0x00000010   Data   RW         2695    .data               model_yolo_1.o
    0x10000380   COMPRESSED   0x00000010   Data   RW         2696    .data               model_yolo_1.o
    0x10000390   COMPRESSED   0x00000010   Data   RW         2697    .data               model_yolo_1.o
    0x100003a0   COMPRESSED   0x00000010   Data   RW         2698    .data               model_yolo_1.o
    0x100003b0   COMPRESSED   0x00000010   Data   RW         2699    .data               model_yolo_1.o
    0x100003c0   COMPRESSED   0x00000010   Data   RW         2700    .data               model_yolo_1.o
    0x100003d0   COMPRESSED   0x00000010   Data   RW         2701    .data               model_yolo_1.o
    0x100003e0   COMPRESSED   0x00000010   Data   RW         2702    .data               model_yolo_1.o
    0x100003f0   COMPRESSED   0x00000010   Data   RW         2703    .data               model_yolo_1.o
    0x10000400   COMPRESSED   0x00000004   Data   RW         2704    .data               model_yolo_1.o
    0x10000404   COMPRESSED   0x00000004   Data   RW         2705    .data               model_yolo_1.o
    0x10000408   COMPRESSED   0x00000004   Data   RW         2706    .data               model_yolo_1.o
    0x1000040c   COMPRESSED   0x00000004   Data   RW         2707    .data               model_yolo_1.o
    0x10000410   COMPRESSED   0x00000030   Data   RW         2708    .data               model_yolo_1.o
    0x10000440   COMPRESSED   0x00000004   Data   RW         2709    .data               model_yolo_1.o
    0x10000444   COMPRESSED   0x00000004   Data   RW         2710    .data               model_yolo_1.o
    0x10000448   COMPRESSED   0x00000008   Data   RW         2711    .data               model_yolo_1.o
    0x10000450   COMPRESSED   0x00000004   Data   RW         2712    .data               model_yolo_1.o
    0x10000454   COMPRESSED   0x00000030   Data   RW         2713    .data               model_yolo_1.o
    0x10000484   COMPRESSED   0x00000004   Data   RW         2714    .data               model_yolo_1.o
    0x10000488   COMPRESSED   0x00000004   Data   RW         2715    .data               model_yolo_1.o
    0x1000048c   COMPRESSED   0x00000004   Data   RW         2716    .data               model_yolo_1.o
    0x10000490   COMPRESSED   0x00000004   Data   RW         2717    .data               model_yolo_1.o
    0x10000494   COMPRESSED   0x00000030   Data   RW         2718    .data               model_yolo_1.o
    0x100004c4   COMPRESSED   0x00000004   Data   RW         2719    .data               model_yolo_1.o
    0x100004c8   COMPRESSED   0x00000004   Data   RW         2720    .data               model_yolo_1.o
    0x100004cc   COMPRESSED   0x00000008   Data   RW         2721    .data               model_yolo_1.o
    0x100004d4   COMPRESSED   0x00000004   Data   RW         2722    .data               model_yolo_1.o
    0x100004d8   COMPRESSED   0x00000030   Data   RW         2723    .data               model_yolo_1.o
    0x10000508   COMPRESSED   0x00000004   Data   RW         2724    .data               model_yolo_1.o
    0x1000050c   COMPRESSED   0x00000004   Data   RW         2725    .data               model_yolo_1.o
    0x10000510   COMPRESSED   0x00000004   Data   RW         2726    .data               model_yolo_1.o
    0x10000514   COMPRESSED   0x00000004   Data   RW         2727    .data               model_yolo_1.o
    0x10000518   COMPRESSED   0x00000030   Data   RW         2728    .data               model_yolo_1.o
    0x10000548   COMPRESSED   0x00000004   Data   RW         2729    .data               model_yolo_1.o
    0x1000054c   COMPRESSED   0x00000004   Data   RW         2730    .data               model_yolo_1.o
    0x10000550   COMPRESSED   0x00000008   Data   RW         2731    .data               model_yolo_1.o
    0x10000558   COMPRESSED   0x00000004   Data   RW         2732    .data               model_yolo_1.o
    0x1000055c   COMPRESSED   0x00000030   Data   RW         2733    .data               model_yolo_1.o
    0x1000058c   COMPRESSED   0x00000004   Data   RW         2734    .data               model_yolo_1.o
    0x10000590   COMPRESSED   0x00000004   Data   RW         2735    .data               model_yolo_1.o
    0x10000594   COMPRESSED   0x00000004   Data   RW         2736    .data               model_yolo_1.o
    0x10000598   COMPRESSED   0x00000004   Data   RW         2737    .data               model_yolo_1.o
    0x1000059c   COMPRESSED   0x00000030   Data   RW         2738    .data               model_yolo_1.o
    0x100005cc   COMPRESSED   0x00000004   Data   RW         2739    .data               model_yolo_1.o
    0x100005d0   COMPRESSED   0x00000004   Data   RW         2740    .data               model_yolo_1.o
    0x100005d4   COMPRESSED   0x00000008   Data   RW         2741    .data               model_yolo_1.o
    0x100005dc   COMPRESSED   0x00000004   Data   RW         2742    .data               model_yolo_1.o
    0x100005e0   COMPRESSED   0x00000030   Data   RW         2743    .data               model_yolo_1.o
    0x10000610   COMPRESSED   0x00000004   Data   RW         2744    .data               model_yolo_1.o
    0x10000614   COMPRESSED   0x00000004   Data   RW         2745    .data               model_yolo_1.o
    0x10000618   COMPRESSED   0x00000004   Data   RW         2746    .data               model_yolo_1.o
    0x1000061c   COMPRESSED   0x00000004   Data   RW         2747    .data               model_yolo_1.o
    0x10000620   COMPRESSED   0x00000030   Data   RW         2748    .data               model_yolo_1.o
    0x10000650   COMPRESSED   0x00000004   Data   RW         2749    .data               model_yolo_1.o
    0x10000654   COMPRESSED   0x00000004   Data   RW         2750    .data               model_yolo_1.o
    0x10000658   COMPRESSED   0x00000008   Data   RW         2751    .data               model_yolo_1.o
    0x10000660   COMPRESSED   0x00000004   Data   RW         2752    .data               model_yolo_1.o
    0x10000664   COMPRESSED   0x00000030   Data   RW         2753    .data               model_yolo_1.o
    0x10000694   COMPRESSED   0x00000004   Data   RW         2754    .data               model_yolo_1.o
    0x10000698   COMPRESSED   0x00000004   Data   RW         2755    .data               model_yolo_1.o
    0x1000069c   COMPRESSED   0x00000004   Data   RW         2756    .data               model_yolo_1.o
    0x100006a0   COMPRESSED   0x00000004   Data   RW         2757    .data               model_yolo_1.o
    0x100006a4   COMPRESSED   0x00000030   Data   RW         2758    .data               model_yolo_1.o
    0x100006d4   COMPRESSED   0x00000004   Data   RW         2759    .data               model_yolo_1.o
    0x100006d8   COMPRESSED   0x00000004   Data   RW         2760    .data               model_yolo_1.o
    0x100006dc   COMPRESSED   0x00000008   Data   RW         2761    .data               model_yolo_1.o
    0x100006e4   COMPRESSED   0x00000004   Data   RW         2762    .data               model_yolo_1.o
    0x100006e8   COMPRESSED   0x00000030   Data   RW         2763    .data               model_yolo_1.o
    0x10000718   COMPRESSED   0x00000004   Data   RW         2764    .data               model_yolo_1.o
    0x1000071c   COMPRESSED   0x00000004   Data   RW         2765    .data               model_yolo_1.o
    0x10000720   COMPRESSED   0x00000004   Data   RW         2766    .data               model_yolo_1.o
    0x10000724   COMPRESSED   0x00000004   Data   RW         2767    .data               model_yolo_1.o
    0x10000728   COMPRESSED   0x00000030   Data   RW         2768    .data               model_yolo_1.o
    0x10000758   COMPRESSED   0x00000004   Data   RW         2769    .data               model_yolo_1.o
    0x1000075c   COMPRESSED   0x00000004   Data   RW         2770    .data               model_yolo_1.o
    0x10000760   COMPRESSED   0x00000008   Data   RW         2771    .data               model_yolo_1.o
    0x10000768   COMPRESSED   0x00000004   Data   RW         2772    .data               model_yolo_1.o
    0x1000076c   COMPRESSED   0x00000030   Data   RW         2773    .data               model_yolo_1.o
    0x1000079c   COMPRESSED   0x00000010   Data   RW         2774    .data               model_yolo_1.o
    0x100007ac   COMPRESSED   0x0000001c   Data   RW         2775    .data               model_yolo_1.o
    0x100007c8   COMPRESSED   0x00000010   Data   RW         2776    .data               model_yolo_1.o
    0x100007d8   COMPRESSED   0x0000001c   Data   RW         2777    .data               model_yolo_1.o
    0x100007f4   COMPRESSED   0x00000004   Data   RW         2778    .data               model_yolo_1.o
    0x100007f8   COMPRESSED   0x00000008   Data   RW         2779    .data               model_yolo_1.o
    0x10000800   COMPRESSED   0x0000000c   Data   RW         2780    .data               model_yolo_1.o
    0x1000080c   COMPRESSED   0x00000004   Data   RW         2781    .data               model_yolo_1.o
    0x10000810   COMPRESSED   0x00000008   Data   RW         2782    .data               model_yolo_1.o
    0x10000818   COMPRESSED   0x0000000c   Data   RW         2783    .data               model_yolo_1.o
    0x10000824   COMPRESSED   0x00000018   Data   RW         2784    .data               model_yolo_1.o
    0x1000083c   COMPRESSED   0x00000224   Data   RW         2785    .data               model_yolo_1.o
    0x10000a60   COMPRESSED   0x0000001c   Data   RW         2786    .data               model_yolo_1.o
    0x10000a7c   COMPRESSED   0x0000001c   Data   RW         2787    .data               model_yolo_1.o
    0x10000a98   COMPRESSED   0x0000001c   Data   RW         2788    .data               model_yolo_1.o
    0x10000ab4   COMPRESSED   0x0000001c   Data   RW         2789    .data               model_yolo_1.o
    0x10000ad0   COMPRESSED   0x0000001c   Data   RW         2790    .data               model_yolo_1.o
    0x10000aec   COMPRESSED   0x0000001c   Data   RW         2791    .data               model_yolo_1.o
    0x10000b08   COMPRESSED   0x0000001c   Data   RW         2792    .data               model_yolo_1.o
    0x10000b24   COMPRESSED   0x0000001c   Data   RW         2793    .data               model_yolo_1.o
    0x10000b40   COMPRESSED   0x0000001c   Data   RW         2794    .data               model_yolo_1.o
    0x10000b5c   COMPRESSED   0x0000001c   Data   RW         2795    .data               model_yolo_1.o
    0x10000b78   COMPRESSED   0x0000001c   Data   RW         2796    .data               model_yolo_1.o
    0x10000b94   COMPRESSED   0x0000001c   Data   RW         2797    .data               model_yolo_1.o
    0x10000bb0   COMPRESSED   0x0000001c   Data   RW         2798    .data               model_yolo_1.o
    0x10000bcc   COMPRESSED   0x0000001c   Data   RW         2799    .data               model_yolo_1.o
    0x10000be8   COMPRESSED   0x0000001c   Data   RW         2800    .data               model_yolo_1.o
    0x10000c04   COMPRESSED   0x0000001c   Data   RW         2801    .data               model_yolo_1.o
    0x10000c20   COMPRESSED   0x0000001c   Data   RW         2802    .data               model_yolo_1.o
    0x10000c3c   COMPRESSED   0x0000001c   Data   RW         2803    .data               model_yolo_1.o
    0x10000c58   COMPRESSED   0x0000001c   Data   RW         2804    .data               model_yolo_1.o
    0x10000c74   COMPRESSED   0x0000001c   Data   RW         2805    .data               model_yolo_1.o
    0x10000c90   COMPRESSED   0x0000001c   Data   RW         2806    .data               model_yolo_1.o
    0x10000cac   COMPRESSED   0x0000001c   Data   RW         2807    .data               model_yolo_1.o
    0x10000cc8   COMPRESSED   0x0000001c   Data   RW         2808    .data               model_yolo_1.o
    0x10000ce4   COMPRESSED   0x0000001c   Data   RW         2809    .data               model_yolo_1.o
    0x10000d00   COMPRESSED   0x0000001c   Data   RW         2810    .data               model_yolo_1.o
    0x10000d1c   COMPRESSED   0x0000001c   Data   RW         2811    .data               model_yolo_1.o
    0x10000d38   COMPRESSED   0x0000001c   Data   RW         2812    .data               model_yolo_1.o
    0x10000d54   COMPRESSED   0x0000001c   Data   RW         2813    .data               model_yolo_1.o
    0x10000d70   COMPRESSED   0x0000001c   Data   RW         2814    .data               model_yolo_1.o
    0x10000d8c   COMPRESSED   0x0000001c   Data   RW         2815    .data               model_yolo_1.o
    0x10000da8   COMPRESSED   0x00000020   Data   RW         2816    .data               model_yolo_1.o
    0x10000dc8   COMPRESSED   0x0000001c   Data   RW         2817    .data               model_yolo_1.o
    0x10000de4   COMPRESSED   0x00000020   Data   RW         2818    .data               model_yolo_1.o
    0x10000e04   COMPRESSED   0x0000001c   Data   RW         2819    .data               model_yolo_1.o
    0x10000e20   COMPRESSED   0x00000020   Data   RW         2820    .data               model_yolo_1.o
    0x10000e40   COMPRESSED   0x0000001c   Data   RW         2821    .data               model_yolo_1.o
    0x10000e5c   COMPRESSED   0x00000020   Data   RW         2822    .data               model_yolo_1.o
    0x10000e7c   COMPRESSED   0x0000001c   Data   RW         2823    .data               model_yolo_1.o
    0x10000e98   COMPRESSED   0x00000020   Data   RW         2824    .data               model_yolo_1.o
    0x10000eb8   COMPRESSED   0x0000001c   Data   RW         2825    .data               model_yolo_1.o
    0x10000ed4   COMPRESSED   0x00000020   Data   RW         2826    .data               model_yolo_1.o
    0x10000ef4   COMPRESSED   0x0000001c   Data   RW         2827    .data               model_yolo_1.o
    0x10000f10   COMPRESSED   0x00000020   Data   RW         2828    .data               model_yolo_1.o
    0x10000f30   COMPRESSED   0x0000001c   Data   RW         2829    .data               model_yolo_1.o
    0x10000f4c   COMPRESSED   0x00000010   Data   RW         3050    .data               model_yolo_1_data.o
    0x10000f5c   COMPRESSED   0x00000010   Data   RW         3051    .data               model_yolo_1_data.o
    0x10000f6c   COMPRESSED   0x0000001c   Data   RW         3052    .data               model_yolo_1_data.o
    0x10000f88   COMPRESSED   0x0000001c   Data   RW         3053    .data               model_yolo_1_data.o
    0x10000fa4   COMPRESSED   0x00000001   Data   RW         4154    .data               aitestutility.o
    0x10000fa5   COMPRESSED   0x00000003   PAD
    0x10000fa8   COMPRESSED   0x00000004   Data   RW         6604    .data               mc_w.l(stdout.o)
    0x10000fac   COMPRESSED   0x00000004   Data   RW         6616    .data               mc_w.l(errno.o)
    0x10000fb0        -       0x000000a0   Zero   RW          316    .bss                dcmi.o
    0x10001050        -       0x00000044   Zero   RW          398    .bss                usart.o
    0x10001094        -       0x0000001c   Zero   RW         2624    .bss                model_yolo_1.o
    0x100010b0        -       0x00000010   Zero   RW         2625    .bss                model_yolo_1.o
    0x100010c0        -       0x0000001c   Zero   RW         2626    .bss                model_yolo_1.o
    0x100010dc        -       0x00000010   Zero   RW         2627    .bss                model_yolo_1.o
    0x100010ec        -       0x0000000c   Zero   RW         4152    .bss                aitestutility.o
    0x100010f8        -       0x00000800   Zero   RW            1    STACK               startup_stm32f429xx.o


    Execution Region RW_IRAM1 (Exec base: 0x20000000, Load base: 0x08110ae8, Size: 0x0002a200, Max: 0x00030000, ABSOLUTE)

    Exec Addr    Load Addr    Size         Type   Attr      Idx    E Section Name        Object

    0x20000000        -       0x0001a000   Zero   RW           20    .bss                main.o
    0x2001a000        -       0x00010200   Zero   RW           22    .bss                main.o


==============================================================================

Image component sizes


      Code (inc. data)   RO Data    RW Data    ZI Data      Debug   Object Name

        64         16          0          0          0       1307   ai_device_adaptor.o
         0          0          0          0          0        560   aipbio.o
         0          0          0          0          0       1216   aitesthelper.o
      1034        450         68          1         12      10387   aitestutility.o
       248        112          0          0          0       2724   aivalidation.o
        14          0          0          0          0        500   app_x-cube-ai.o
        76         18          0          8          0       1431   crc.o
       492         60          0          0        160       2844   dcmi.o
        44          4          0          0          0        726   dma.o
       276         16          0          0          0       1035   gpio.o
      1184         44          0          0          0       6124   lc_print.o
      1256        492         56         40     172544     745422   main.o
       804         58        112       3852         88      52945   model_yolo_1.o
        40          4        104         88          0      15468   model_yolo_1_data.o
         0          0    1093336          0          0        753   model_yolo_1_data_params.o
       686         46        452          0          0       6746   ov2640.o
       718         32          0          0          0       6151   sccb.o
        36          8        428          0       2048        812   startup_stm32f429xx.o
       216         42          0         12          0      10915   stm32f4xx_hal.o
       198         14          0          0          0      33803   stm32f4xx_hal_cortex.o
        34          0          0          0          0        999   stm32f4xx_hal_crc.o
       182          4          0          0          0       3334   stm32f4xx_hal_dcmi.o
       134          0          0          0          0       1068   stm32f4xx_hal_dcmi_ex.o
       898         16          8          0          0       6103   stm32f4xx_hal_dma.o
       600         54          0          0          0       3392   stm32f4xx_hal_gpio.o
        48          6          0          0          0        806   stm32f4xx_hal_msp.o
       112         14          0          0          0       1240   stm32f4xx_hal_pwr_ex.o
      1500         96          0          0          0       6452   stm32f4xx_hal_rcc.o
       664         10          0          0          0       4084   stm32f4xx_hal_uart.o
        44         12          0          0          0       4842   stm32f4xx_it.o
        16          4         24          4          0       1055   system_stm32f4xx.o
       164         22          0          0         68       1614   usart.o

    ----------------------------------------------------------------------
     11810       1654    1094652       4008     174920     936858   Object Totals
         0          0         48          0          0          0   (incl. Generated)
        28          0         16          3          0          0   (incl. Padding)

    ----------------------------------------------------------------------

      Code (inc. data)   RO Data    RW Data    ZI Data      Debug   Library Member Name

       380         54          0          0          0        360   ai_datatypes_format.o
        52          6          0          0          0        232   ai_datatypes_internal.o
       158          8          0          0          0        368   ai_platform.o
      2428        108        108          0          0       3252   ai_platform_interface.o
        42          0          0          0          0        348   core_common.o
       226          6          0          0          0        628   layers.o
      1024         14          0          0          0        424   layers_conv2d_generic_float.o
       772         22          0          0          0        908   layers_nl_generic_float.o
       372          8          0          0          0        272   lite_dense_if32.o
       144          0          0          0          0        132   st_int8_fill.o
       488         62         48          0          0        236   expf.o
        38          0          0          0          0        116   fpclassifyf.o
        38         12          0          0          0        348   funder.o
        86          0          0          0          0          0   __dczerorl2.o
         0          0          0          0          0          0   entry.o
         0          0          0          0          0          0   entry10a.o
         0          0          0          0          0          0   entry11a.o
         4          0          0          0          0          0   entry12b.o
         8          4          0          0          0          0   entry2.o
         4          0          0          0          0          0   entry5.o
         0          0          0          0          0          0   entry7b.o
         0          0          0          0          0          0   entry8b.o
         8          4          0          0          0          0   entry9a.o
        12          6          0          4          0         68   errno.o
        30          0          0          0          0          0   handlers.o
        36          8          0          0          0         68   init.o
         0          0          0          0          0          0   iusefp.o
        30          0          0          0          0         68   llshl.o
        36          0          0          0          0         68   llsshr.o
        32          0          0          0          0         68   llushr.o
        26          0          0          0          0         80   memcmp.o
        36          0          0          0          0         68   memcpya.o
        36          0          0          0          0        108   memseta.o
      2218         90          0          0          0        464   printfa.o
         0          0          0          4          0          0   stdout.o
        14          0          0          0          0         68   strlen.o
        44          0          0          0          0         80   uidiv.o
        98          0          0          0          0         92   uldiv.o
        48          0          0          0          0         68   cdcmple.o
        48          0          0          0          0         68   cdrcmple.o
        56          0          0          0          0         88   d2f.o
       334          0          0          0          0        148   dadd.o
       222          0          0          0          0        100   ddiv.o
       186          0          0          0          0        176   depilogue.o
        48          0          0          0          0         68   dfixul.o
        26          0          0          0          0         76   dfltui.o
       228          0          0          0          0         96   dmul.o
        38          0          0          0          0         68   f2d.o
       110          0          0          0          0        168   fepilogue.o

    ----------------------------------------------------------------------
     10286        412        156          8          0      10048   Library Totals
        22          0          0          0          0          0   (incl. Padding)

    ----------------------------------------------------------------------

      Code (inc. data)   RO Data    RW Data    ZI Data      Debug   Library Name

      5598        226        108          0          0       6924   NetworkRuntime810_CM4_Keil.lib
       564         74         48          0          0        700   m_wm.l
      2758        112          0          8          0       1300   mc_w.l
      1344          0          0          0          0       1124   mf_w.l

    ----------------------------------------------------------------------
     10286        412        156          8          0      10048   Library Totals

    ----------------------------------------------------------------------

==============================================================================


      Code (inc. data)   RO Data    RW Data    ZI Data      Debug   

     22096       2066    1094808       4016     174920     929042   Grand Totals
     22096       2066    1094808       1284     174920     929042   ELF Image Totals (compressed)
     22096       2066    1094808       1284          0          0   ROM Totals

==============================================================================

    Total RO  Size (Code + RO Data)              1116904 (1090.73kB)
    Total RW  Size (RW Data + ZI Data)            178936 ( 174.74kB)
    Total ROM Size (Code + RO Data + RW Data)    1118188 (1091.98kB)

==============================================================================

