<html>
<body>
<pre>
<h1>礦ision Build Log</h1>
<h2>Tool Versions:</h2>
IDE-Version: μVision V5.36.0.0
Copyright (C) 2021 ARM Ltd and ARM Germany GmbH. All rights reserved.
License Information: 1 O, HP Inc., LIC=03C6R-K860E-WF6I7-EN9PA-E4BUN-56SAB
 
Tool Versions:
Toolchain:       MDK-ARM Plus  Version: 5.36.0.0
Toolchain Path:  D:\keil5\ARM\ARMCC\Bin
C Compiler:      Armcc.exe V5.06 update 7 (build 960)
Assembler:       Armasm.exe V5.06 update 7 (build 960)
Linker/Locator:  ArmLink.exe V5.06 update 7 (build 960)
Library Manager: ArmAr.exe V5.06 update 7 (build 960)
Hex Converter:   FromElf.exe V5.06 update 7 (build 960)
CPU DLL:         SARMCM3.DLL V5.36.0.0
Dialog DLL:      DCM.DLL V1.17.3.0
Target DLL:      STLink\ST-LINKIII-KEIL_SWO.dll V3.0.9.0
Dialog DLL:      TCM.DLL V1.53.0.0
 
<h2>Project:</h2>
E:\STMF4_HAR\MDK-ARM\STMF4_HAR.uvprojx
Project File Date:  10/26/2023

<h2>Output:</h2>
*** Using Compiler 'V5.06 update 7 (build 960)', folder: 'D:\keil5\ARM\ARMCC\Bin'
Rebuild target 'STMF4_HAR'
assembling startup_stm32f429xx.s...
compiling stm32f4xx_hal_rcc.c...
compiling stm32f4xx_hal_rcc_ex.c...
compiling stm32f4xx_it.c...
compiling usart.c...
compiling stm32f4xx_hal_msp.c...
compiling gpio.c...
compiling main.c...
../Core/Src/main.c(298): warning:  #223-D: function "DCMI_Start" declared implicitly
    DCMI_Start(); // 这个函数也是必要的，虽然找不到定义。
../Core/Src/main.c: 1 warning, 0 errors
compiling dma.c...
compiling stm32f4xx_hal_crc.c...
compiling crc.c...
compiling dcmi.c...
compiling stm32f4xx_hal_pwr_ex.c...
compiling stm32f4xx_hal_gpio.c...
compiling stm32f4xx_hal_flash_ex.c...
compiling stm32f4xx_hal.c...
compiling stm32f4xx_hal_flash.c...
compiling stm32f4xx_hal_exti.c...
compiling stm32f4xx_hal_flash_ramfunc.c...
compiling stm32f4xx_hal_cortex.c...
compiling stm32f4xx_hal_pwr.c...
compiling stm32f4xx_hal_dma_ex.c...
compiling stm32f4xx_hal_dma.c...
compiling model_yolo_1_data.c...
compiling model_yolo_1.c...
compiling model_yolo_1_data_params.c...
compiling aiPbMemRWServices.c...
compiling aiPbMgr.c...
compiling pb_common.c...
compiling stm32f4xx_hal_dcmi.c...
compiling pb_decode.c...
compiling pb_encode.c...
compiling stm32msg.pb.c...
compiling stm32f4xx_hal_dcmi_ex.c...
compiling aiTestUtility.c...
compiling lc_print.c...
compiling syscalls.c...
compiling system_stm32f4xx.c...
compiling sccb.c...
compiling aiPbIO.c...
compiling stm32f4xx_hal_tim.c...
compiling stm32f4xx_hal_tim_ex.c...
compiling ov2640.c...
compiling stm32f4xx_hal_uart.c...
compiling aiTestHelper.c...
compiling ai_device_adaptor.c...
compiling aiValidation.c...
compiling app_x-cube-ai.c...
linking...
Program Size: Code=22096 RO-data=1094808 RW-data=4016 ZI-data=174920  
FromELF: creating hex file...
"STMF4_HAR\STMF4_HAR.axf" - 0 Error(s), 1 Warning(s).

<h2>Software Packages used:</h2>

Package Vendor: ARM
                http://www.keil.com/pack/ARM.CMSIS.5.8.0.pack
                ARM.CMSIS.5.8.0
                CMSIS (Common Microcontroller Software Interface Standard)
   * Component: CORE Version: 5.5.0

Package Vendor: Keil
                https://www.keil.com/pack/Keil.STM32F4xx_DFP.2.17.0.pack
                Keil.STM32F4xx_DFP.2.17.0
                STMicroelectronics STM32F4 Series Device Support, Drivers and Examples

<h2>Collection of Component include folders:</h2>
  .\RTE\_STMF4_HAR
  D:\keil5\pack\ARM\CMSIS\5.8.0\CMSIS\Core\Include
  D:\keil5\pack\Keil\STM32F4xx_DFP\2.17.0\Drivers\CMSIS\Device\ST\STM32F4xx\Include

<h2>Collection of Component Files used:</h2>

   * Component: ARM::CMSIS:CORE:5.5.0
      Include file:  CMSIS\Core\Include\tz_context.h
Build Time Elapsed:  00:00:27
</pre>
</body>
</html>
